2026-08-06 10:53:33,442 [INFO] ==================================================
2026-08-06 10:53:33,443 [INFO] 🚀 SOL网格交易机器人启动
2026-08-06 10:53:33,444 [INFO] 📊 网格范围: $70.0 - $85.0 (6层)
2026-08-06 10:53:33,444 [INFO] 💵 每层: 10.0 USDT = 0.1429 SOL
2026-08-06 10:53:33,444 [INFO] ==================================================
2026-08-06 10:53:40,235 [INFO] 📊 SOL=$73.54 | 挂单: 7个 | 持仓: $74.65 USDT
2026-08-06 10:54:05,359 [INFO] 📊 SOL=$73.51 | 挂单: 7个 | 持仓: $74.65 USDT
2026-08-06 10:54:32,269 [INFO] 📊 SOL=$73.52 | 挂单: 7个 | 持仓: $0.00 USDT
2026-08-06 10:55:00,851 [INFO] 📊 SOL=$73.53 | 挂单: 7个 | 持仓: $74.65 USDT
2026-08-06 10:55:26,311 [INFO] 📊 SOL=$73.52 | 挂单: 7个 | 持仓: $74.65 USDT
2026-08-06 10:55:54,215 [INFO] 📊 SOL=$73.53 | 挂单: 7个 | 持仓: $74.65 USDT
2026-08-06 10:56:24,703 [INFO] 📊 SOL=$73.55 | 挂单: 7个 | 持仓: $74.65 USDT
2026-08-06 10:56:50,343 [INFO] 📊 SOL=$73.55 | 挂单: 7个 | 持仓: $74.65 USDT
2026-08-06 10:57:14,703 [INFO] 📊 SOL=$73.55 | 挂单: 7个 | 持仓: $74.65 USDT
2026-08-06 10:57:42,928 [INFO] 📊 SOL=$73.54 | 挂单: 7个 | 持仓: $74.65 USDT
2026-08-06 10:58:10,016 [INFO] 📊 SOL=$73.56 | 挂单: 7个 | 持仓: $74.65 USDT
2026-08-06 10:58:34,489 [INFO] 📊 SOL=$73.56 | 挂单: 7个 | 持仓: $74.65 USDT
2026-08-06 10:59:01,819 [INFO] 📊 SOL=$73.55 | 挂单: 7个 | 持仓: $74.65 USDT
2026-08-06 10:59:27,313 [INFO] 📊 SOL=$73.55 | 挂单: 7个 | 持仓: $74.65 USDT
2026-08-06 10:59:54,282 [INFO] 📊 SOL=$73.56 | 挂单: 7个 | 持仓: $74.65 USDT
2026-08-06 11:00:20,026 [INFO] 📊 SOL=$73.52 | 挂单: 7个 | 持仓: $74.65 USDT
2026-08-06 11:00:45,784 [INFO] 📊 SOL=$73.51 | 挂单: 7个 | 持仓: $74.65 USDT
2026-08-06 11:01:10,331 [INFO] 📊 SOL=$73.52 | 挂单: 7个 | 持仓: $74.65 USDT
2026-08-06 11:01:35,843 [INFO] 📊 SOL=$73.51 | 挂单: 7个 | 持仓: $74.65 USDT
2026-08-06 11:02:03,841 [INFO] 📊 SOL=$73.45 | 挂单: 7个 | 持仓: $74.65 USDT
2026-08-06 11:02:29,409 [INFO] 📊 SOL=$73.48 | 挂单: 7个 | 持仓: $74.65 USDT
2026-08-06 11:02:54,864 [INFO] 📊 SOL=$73.49 | 挂单: 7个 | 持仓: $74.65 USDT
2026-08-06 11:03:21,120 [INFO] 📊 SOL=$73.50 | 挂单: 7个 | 持仓: $74.65 USDT
2026-08-06 11:03:49,045 [INFO] 📊 SOL=$73.49 | 挂单: 7个 | 持仓: $74.65 USDT
2026-08-06 11:04:14,675 [INFO] 📊 SOL=$73.49 | 挂单: 7个 | 持仓: $74.65 USDT
2026-08-06 11:04:39,538 [INFO] 📊 SOL=$73.51 | 挂单: 7个 | 持仓: $74.65 USDT
2026-08-06 11:05:05,675 [INFO] 📊 SOL=$73.52 | 挂单: 7个 | 持仓: $74.65 USDT
2026-08-06 11:05:31,970 [INFO] 📊 SOL=$73.54 | 挂单: 7个 | 持仓: $74.65 USDT
2026-08-06 11:05:57,313 [INFO] 📊 SOL=$73.55 | 挂单: 7个 | 持仓: $74.65 USDT
2026-08-06 11:06:23,970 [INFO] 📊 SOL=$73.53 | 挂单: 7个 | 持仓: $74.65 USDT
2026-08-06 11:06:49,145 [INFO] 📊 SOL=$73.52 | 挂单: 7个 | 持仓: $74.65 USDT
2026-08-06 11:07:13,871 [INFO] 📊 SOL=$73.51 | 挂单: 7个 | 持仓: $74.65 USDT
2026-08-06 11:07:39,622 [INFO] 📊 SOL=$73.49 | 挂单: 7个 | 持仓: $74.65 USDT
2026-08-06 11:08:05,080 [INFO] 📊 SOL=$73.50 | 挂单: 7个 | 持仓: $74.65 USDT
2026-08-06 11:08:29,775 [INFO] 📊 SOL=$73.50 | 挂单: 7个 | 持仓: $74.65 USDT
2026-08-06 11:08:56,345 [INFO] 📊 SOL=$73.51 | 挂单: 7个 | 持仓: $74.65 USDT
2026-08-06 11:09:22,033 [INFO] 📊 SOL=$73.54 | 挂单: 7个 | 持仓: $74.65 USDT
2026-08-06 11:09:48,682 [INFO] 📊 SOL=$73.52 | 挂单: 7个 | 持仓: $74.65 USDT
2026-08-06 11:10:13,974 [INFO] 📊 SOL=$73.53 | 挂单: 7个 | 持仓: $74.65 USDT
2026-08-06 11:10:39,550 [INFO] 📊 SOL=$73.54 | 挂单: 7个 | 持仓: $74.65 USDT
2026-08-06 11:11:13,283 [INFO] 📊 SOL=$73.55 | 挂单: 7个 | 持仓: $74.65 USDT
2026-08-06 11:11:39,398 [INFO] 📊 SOL=$73.55 | 挂单: 7个 | 持仓: $74.65 USDT
2026-08-06 11:12:05,296 [INFO] 📊 SOL=$73.55 | 挂单: 7个 | 持仓: $74.65 USDT
2026-08-06 11:12:33,188 [INFO] 📊 SOL=$73.56 | 挂单: 7个 | 持仓: $74.65 USDT
2026-08-06 11:13:00,250 [INFO] 📊 SOL=$73.56 | 挂单: 7个 | 持仓: $74.65 USDT
2026-08-06 11:13:26,802 [INFO] 📊 SOL=$73.56 | 挂单: 7个 | 持仓: $74.65 USDT
2026-08-06 11:13:52,698 [INFO] 📊 SOL=$73.56 | 挂单: 7个 | 持仓: $74.65 USDT
2026-08-06 11:14:20,366 [INFO] 📊 SOL=$73.56 | 挂单: 7个 | 持仓: $74.65 USDT
2026-08-06 11:14:48,731 [INFO] 📊 SOL=$73.57 | 挂单: 7个 | 持仓: $74.65 USDT
2026-08-06 11:15:17,183 [INFO] 📊 SOL=$73.56 | 挂单: 7个 | 持仓: $74.65 USDT
2026-08-06 11:15:41,796 [INFO] 📊 SOL=$73.56 | 挂单: 7个 | 持仓: $74.65 USDT
2026-08-06 11:16:06,632 [INFO] 📊 SOL=$73.53 | 挂单: 7个 | 持仓: $74.65 USDT
2026-08-06 11:16:32,665 [INFO] 📊 SOL=$73.53 | 挂单: 7个 | 持仓: $74.65 USDT
2026-08-06 11:16:58,563 [INFO] 📊 SOL=$73.53 | 挂单: 7个 | 持仓: $74.65 USDT
2026-08-06 11:17:23,336 [INFO] 📊 SOL=$73.53 | 挂单: 7个 | 持仓: $74.65 USDT
2026-08-06 11:17:50,630 [INFO] 📊 SOL=$73.50 | 挂单: 7个 | 持仓: $74.65 USDT
2026-08-06 11:18:17,769 [INFO] 📊 SOL=$73.50 | 挂单: 7个 | 持仓: $74.65 USDT
2026-08-06 11:18:45,177 [INFO] 📊 SOL=$73.50 | 挂单: 7个 | 持仓: $74.65 USDT
2026-08-06 11:19:14,903 [INFO] 📊 SOL=$73.49 | 挂单: 7个 | 持仓: $74.65 USDT
2026-08-06 11:19:40,221 [INFO] 📊 SOL=$73.50 | 挂单: 7个 | 持仓: $74.65 USDT
2026-08-06 11:20:08,895 [INFO] 📊 SOL=$73.50 | 挂单: 7个 | 持仓: $74.65 USDT
2026-08-06 11:20:35,324 [INFO] 📊 SOL=$73.50 | 挂单: 7个 | 持仓: $74.65 USDT
2026-08-06 11:21:01,193 [INFO] 📊 SOL=$73.50 | 挂单: 7个 | 持仓: $74.65 USDT
2026-08-06 11:21:31,199 [INFO] 📊 SOL=$73.51 | 挂单: 7个 | 持仓: $74.65 USDT
2026-08-06 11:21:54,754 [WARNING] ⚠️ 尝试 1/3 失败: <urlopen error EOF occurred in violation of protocol (_ssl.c:1129)>
2026-08-06 11:22:00,879 [WARNING] ⚠️ 尝试 2/3 失败: <urlopen error EOF occurred in violation of protocol (_ssl.c:1129)>
2026-08-06 11:22:07,016 [WARNING] ⚠️ 尝试 3/3 失败: <urlopen error EOF occurred in violation of protocol (_ssl.c:1129)>
2026-08-06 11:22:07,018 [ERROR] ❌ 达到最大重试次数 (3) - 操作失败
2026-08-06 11:22:07,018 [ERROR] ⚠️ 异常: RuntimeError: No active exception to reraise
2026-08-06 11:22:42,116 [WARNING] ⚠️ 尝试 1/3 失败: <urlopen error EOF occurred in violation of protocol (_ssl.c:1129)>
2026-08-06 11:22:57,719 [INFO] 📊 SOL=$73.55 | 挂单: 7个 | 持仓: $74.65 USDT
2026-08-06 11:23:29,277 [INFO] 📊 SOL=$73.53 | 挂单: 7个 | 持仓: $74.65 USDT
2026-08-06 11:23:56,712 [INFO] 📊 SOL=$73.54 | 挂单: 7个 | 持仓: $74.65 USDT
2026-08-06 11:24:24,327 [ERROR] ⚠️ 异常: URLError: <urlopen error EOF occurred in violation of protocol (_ssl.c:1129)>
2026-08-06 11:25:03,592 [INFO] 📊 SOL=$73.49 | 挂单: 7个 | 持仓: $74.65 USDT
2026-08-06 11:25:30,998 [INFO] 📊 SOL=$73.48 | 挂单: 7个 | 持仓: $74.65 USDT
2026-08-06 11:25:59,923 [INFO] 📊 SOL=$73.49 | 挂单: 7个 | 持仓: $74.65 USDT
2026-08-06 11:26:23,050 [ERROR] 风控检查异常: <urlopen error EOF occurred in violation of protocol (_ssl.c:1129)>
2026-08-06 11:26:30,665 [INFO] 📊 SOL=$73.53 | 挂单: 7个 | 持仓: $74.65 USDT
2026-08-06 11:26:59,503 [INFO] 📊 SOL=$73.53 | 挂单: 7个 | 持仓: $74.65 USDT
2026-08-06 11:27:22,659 [WARNING] ⚠️ 尝试 1/3 失败: <urlopen error EOF occurred in violation of protocol (_ssl.c:1129)>
2026-08-06 11:27:32,799 [ERROR] 风控检查异常: <urlopen error EOF occurred in violation of protocol (_ssl.c:1129)>
2026-08-06 11:27:56,658 [ERROR] ⚠️ 异常: URLError: <urlopen error EOF occurred in violation of protocol (_ssl.c:1129)>
2026-08-06 11:28:33,732 [INFO] 📊 SOL=$73.54 | 挂单: 7个 | 持仓: $74.65 USDT
2026-08-06 11:29:03,979 [INFO] 📊 SOL=$73.53 | 挂单: 7个 | 持仓: $74.65 USDT
2026-08-06 11:29:27,134 [WARNING] ⚠️ 尝试 1/3 失败: <urlopen error EOF occurred in violation of protocol (_ssl.c:1129)>
2026-08-06 11:29:56,958 [INFO] 📊 SOL=$73.53 | 挂单: 7个 | 持仓: $74.65 USDT
2026-08-06 11:30:27,140 [WARNING] ⚠️ 尝试 1/3 失败: <urlopen error _ssl.c:1112: The handshake operation timed out>
2026-08-06 11:30:41,657 [WARNING] ⚠️ 尝试 2/3 失败: The read operation timed out
2026-08-06 11:30:47,815 [WARNING] ⚠️ 尝试 3/3 失败: <urlopen error EOF occurred in violation of protocol (_ssl.c:1129)>
2026-08-06 11:30:47,816 [ERROR] ❌ 达到最大重试次数 (3) - 操作失败
2026-08-06 11:30:47,816 [ERROR] ⚠️ 异常: RuntimeError: No active exception to reraise
2026-08-06 11:31:28,067 [WARNING] ⚠️ 尝试 1/3 失败: <urlopen error _ssl.c:1112: The handshake operation timed out>
2026-08-06 11:31:32,232 [WARNING] ⚠️ 尝试 2/3 失败: <urlopen error EOF occurred in violation of protocol (_ssl.c:1129)>
2026-08-06 11:31:50,309 [ERROR] 风控检查异常: The read operation timed out
2026-08-06 11:31:59,524 [ERROR] ⚠️ 异常: URLError: <urlopen error EOF occurred in violation of protocol (_ssl.c:1129)>
2026-08-06 11:32:33,233 [WARNING] ⚠️ 尝试 1/3 失败: <urlopen error EOF occurred in violation of protocol (_ssl.c:1129)>
2026-08-06 11:32:40,618 [INFO] 📊 SOL=$73.56 | 挂单: 7个 | 持仓: $74.65 USDT
2026-08-06 11:33:04,954 [INFO] 📊 SOL=$73.53 | 挂单: 7个 | 持仓: $74.65 USDT
2026-08-06 11:33:30,525 [INFO] 📊 SOL=$73.50 | 挂单: 7个 | 持仓: $74.65 USDT
2026-08-06 11:33:57,165 [INFO] 📊 SOL=$73.51 | 挂单: 7个 | 持仓: $74.65 USDT
2026-08-06 11:34:26,704 [INFO] 📊 SOL=$73.53 | 挂单: 7个 | 持仓: $74.65 USDT
2026-08-06 11:34:54,703 [INFO] 📊 SOL=$73.56 | 挂单: 7个 | 持仓: $74.65 USDT
2026-08-06 11:35:18,326 [INFO] 📊 SOL=$73.56 | 挂单: 7个 | 持仓: $74.65 USDT
2026-08-06 11:35:44,343 [INFO] 📊 SOL=$73.55 | 挂单: 7个 | 持仓: $74.65 USDT
2026-08-06 11:36:10,403 [INFO] 📊 SOL=$73.55 | 挂单: 7个 | 持仓: $74.65 USDT
2026-08-06 11:36:35,436 [INFO] 📊 SOL=$73.56 | 挂单: 7个 | 持仓: $74.65 USDT
2026-08-06 11:37:04,700 [INFO] 📊 SOL=$73.57 | 挂单: 7个 | 持仓: $74.65 USDT
2026-08-06 11:37:30,440 [INFO] 📊 SOL=$73.57 | 挂单: 7个 | 持仓: $74.65 USDT
2026-08-06 11:37:57,463 [INFO] 📊 SOL=$73.56 | 挂单: 7个 | 持仓: $74.65 USDT
2026-08-06 11:38:23,537 [INFO] 📊 SOL=$73.55 | 挂单: 7个 | 持仓: $74.65 USDT
2026-08-06 11:38:48,335 [INFO] 📊 SOL=$73.52 | 挂单: 7个 | 持仓: $74.65 USDT
2026-08-06 11:39:13,945 [INFO] 📊 SOL=$73.52 | 挂单: 7个 | 持仓: $74.65 USDT
2026-08-06 11:39:38,146 [INFO] 📊 SOL=$73.54 | 挂单: 7个 | 持仓: $74.65 USDT
2026-08-06 11:40:04,552 [INFO] 📊 SOL=$73.55 | 挂单: 7个 | 持仓: $74.65 USDT
2026-08-06 11:40:31,013 [INFO] 📊 SOL=$73.53 | 挂单: 7个 | 持仓: $74.65 USDT
2026-08-06 11:40:57,469 [INFO] 📊 SOL=$73.53 | 挂单: 7个 | 持仓: $74.65 USDT
2026-08-06 11:41:24,428 [INFO] 📊 SOL=$73.53 | 挂单: 7个 | 持仓: $74.65 USDT
2026-08-06 11:41:50,150 [INFO] 📊 SOL=$73.53 | 挂单: 7个 | 持仓: $74.65 USDT
2026-08-06 11:42:17,739 [INFO] 📊 SOL=$73.52 | 挂单: 7个 | 持仓: $74.65 USDT
2026-08-06 11:42:43,740 [INFO] 📊 SOL=$73.52 | 挂单: 7个 | 持仓: $74.65 USDT
2026-08-06 11:43:11,051 [INFO] 📊 SOL=$73.51 | 挂单: 7个 | 持仓: $74.65 USDT
2026-08-06 11:43:39,707 [INFO] 📊 SOL=$73.50 | 挂单: 7个 | 持仓: $74.65 USDT
2026-08-06 11:44:07,570 [INFO] 📊 SOL=$73.51 | 挂单: 7个 | 持仓: $74.65 USDT
2026-08-06 11:44:33,929 [INFO] 📊 SOL=$73.47 | 挂单: 7个 | 持仓: $74.65 USDT
2026-08-06 11:44:58,932 [INFO] 📊 SOL=$73.47 | 挂单: 7个 | 持仓: $74.65 USDT
2026-08-06 11:45:24,929 [INFO] 📊 SOL=$73.47 | 挂单: 7个 | 持仓: $74.65 USDT
2026-08-06 11:45:52,247 [INFO] 📊 SOL=$73.47 | 挂单: 7个 | 持仓: $74.65 USDT
2026-08-06 11:46:21,255 [INFO] 📊 SOL=$73.47 | 挂单: 7个 | 持仓: $74.65 USDT
2026-08-06 11:46:47,205 [INFO] 📊 SOL=$73.46 | 挂单: 7个 | 持仓: $74.65 USDT
2026-08-06 11:47:13,863 [INFO] 📊 SOL=$73.48 | 挂单: 7个 | 持仓: $74.65 USDT
2026-08-06 11:47:40,656 [INFO] 📊 SOL=$73.50 | 挂单: 7个 | 持仓: $74.65 USDT
2026-08-06 11:48:06,396 [INFO] 📊 SOL=$73.52 | 挂单: 7个 | 持仓: $74.65 USDT
2026-08-06 11:48:31,825 [INFO] 📊 SOL=$73.53 | 挂单: 7个 | 持仓: $74.65 USDT
2026-08-06 11:48:57,639 [INFO] 📊 SOL=$73.53 | 挂单: 7个 | 持仓: $74.65 USDT
2026-08-06 11:49:24,012 [INFO] 📊 SOL=$73.50 | 挂单: 7个 | 持仓: $74.65 USDT
2026-08-06 11:49:48,264 [INFO] 📊 SOL=$73.51 | 挂单: 7个 | 持仓: $74.65 USDT
2026-08-06 11:50:12,839 [INFO] 📊 SOL=$73.51 | 挂单: 7个 | 持仓: $74.65 USDT
2026-08-06 11:50:38,034 [INFO] 📊 SOL=$73.53 | 挂单: 7个 | 持仓: $74.65 USDT
2026-08-06 11:51:03,554 [INFO] 📊 SOL=$73.52 | 挂单: 7个 | 持仓: $74.65 USDT
2026-08-06 11:51:28,706 [INFO] 📊 SOL=$73.54 | 挂单: 7个 | 持仓: $74.65 USDT
2026-08-06 11:51:56,130 [INFO] 📊 SOL=$73.57 | 挂单: 7个 | 持仓: $74.65 USDT
2026-08-06 11:52:21,114 [INFO] 📊 SOL=$73.55 | 挂单: 7个 | 持仓: $74.65 USDT
2026-08-06 11:52:56,944 [ERROR] ⚠️ 异常: URLError: <urlopen error _ssl.c:1112: The handshake operation timed out>
2026-08-06 11:53:34,181 [INFO] 📊 SOL=$73.51 | 挂单: 7个 | 持仓: $74.65 USDT
2026-08-06 11:54:02,584 [INFO] 📊 SOL=$73.51 | 挂单: 7个 | 持仓: $74.65 USDT
2026-08-06 11:54:31,332 [INFO] 📊 SOL=$73.50 | 挂单: 7个 | 持仓: $74.65 USDT
2026-08-06 11:54:57,391 [INFO] 📊 SOL=$73.48 | 挂单: 7个 | 持仓: $74.65 USDT
2026-08-06 11:55:23,500 [INFO] 📊 SOL=$73.46 | 挂单: 7个 | 持仓: $74.65 USDT
2026-08-06 11:55:58,321 [INFO] 📊 SOL=$73.49 | 挂单: 7个 | 持仓: $74.65 USDT
2026-08-06 11:56:24,652 [INFO] 📊 SOL=$73.48 | 挂单: 7个 | 持仓: $74.65 USDT
2026-08-06 11:56:49,181 [INFO] 📊 SOL=$73.48 | 挂单: 7个 | 持仓: $74.65 USDT
2026-08-06 11:57:14,515 [INFO] 📊 SOL=$73.49 | 挂单: 7个 | 持仓: $74.65 USDT
2026-08-06 11:57:40,866 [INFO] 📊 SOL=$73.47 | 挂单: 7个 | 持仓: $74.65 USDT
2026-08-06 11:58:07,211 [INFO] 📊 SOL=$73.50 | 挂单: 7个 | 持仓: $74.65 USDT
2026-08-06 11:58:38,364 [INFO] 📊 SOL=$73.48 | 挂单: 7个 | 持仓: $74.65 USDT
2026-08-06 11:59:03,376 [INFO] 📊 SOL=$73.48 | 挂单: 7个 | 持仓: $74.65 USDT
2026-08-06 11:59:30,060 [INFO] 📊 SOL=$73.49 | 挂单: 7个 | 持仓: $74.65 USDT
2026-08-06 11:59:56,210 [INFO] 📊 SOL=$73.49 | 挂单: 7个 | 持仓: $74.65 USDT
2026-08-06 12:00:27,040 [INFO] 📊 SOL=$73.49 | 挂单: 7个 | 持仓: $74.65 USDT
2026-08-06 12:00:59,030 [INFO] 📊 SOL=$73.47 | 挂单: 7个 | 持仓: $74.65 USDT
2026-08-06 12:01:28,782 [INFO] 📊 SOL=$73.44 | 挂单: 7个 | 持仓: $74.65 USDT
2026-08-06 12:02:10,211 [ERROR] ⚠️ 异常: timeout: The read operation timed out
2026-08-06 12:02:45,290 [WARNING] ⚠️ 尝试 1/3 失败: <urlopen error EOF occurred in violation of protocol (_ssl.c:1129)>
2026-08-06 12:02:51,391 [WARNING] ⚠️ 尝试 2/3 失败: <urlopen error EOF occurred in violation of protocol (_ssl.c:1129)>
2026-08-06 12:02:57,495 [WARNING] ⚠️ 尝试 3/3 失败: <urlopen error EOF occurred in violation of protocol (_ssl.c:1129)>
2026-08-06 12:02:57,496 [ERROR] ❌ 达到最大重试次数 (3) - 操作失败
2026-08-06 12:02:57,497 [ERROR] ⚠️ 异常: RuntimeError: No active exception to reraise
2026-08-06 12:03:32,814 [INFO] 📊 SOL=$73.45 | 挂单: 7个 | 持仓: $74.65 USDT
2026-08-06 12:04:02,608 [INFO] 📊 SOL=$73.43 | 挂单: 7个 | 持仓: $74.65 USDT
2026-08-06 12:04:28,661 [INFO] 📊 SOL=$73.42 | 挂单: 7个 | 持仓: $74.65 USDT
2026-08-06 12:04:53,836 [INFO] 📊 SOL=$73.42 | 挂单: 7个 | 持仓: $74.65 USDT
2026-08-06 12:05:20,620 [INFO] 📊 SOL=$73.49 | 挂单: 7个 | 持仓: $74.65 USDT
2026-08-06 12:05:47,240 [INFO] 📊 SOL=$73.51 | 挂单: 7个 | 持仓: $74.65 USDT
2026-08-06 12:06:13,610 [INFO] 📊 SOL=$73.52 | 挂单: 7个 | 持仓: $74.65 USDT
2026-08-06 12:06:39,818 [INFO] 📊 SOL=$73.55 | 挂单: 7个 | 持仓: $74.65 USDT
2026-08-06 12:07:05,304 [INFO] 📊 SOL=$73.54 | 挂单: 7个 | 持仓: $74.65 USDT
2026-08-06 12:07:31,164 [INFO] 📊 SOL=$73.54 | 挂单: 7个 | 持仓: $74.65 USDT
2026-08-06 12:07:57,518 [INFO] 📊 SOL=$73.54 | 挂单: 7个 | 持仓: $74.65 USDT
2026-08-06 12:08:22,242 [INFO] 📊 SOL=$73.54 | 挂单: 7个 | 持仓: $74.65 USDT
2026-08-06 12:08:49,649 [INFO] 📊 SOL=$73.56 | 挂单: 7个 | 持仓: $74.65 USDT
2026-08-06 12:09:15,049 [INFO] 📊 SOL=$73.56 | 挂单: 7个 | 持仓: $74.65 USDT
2026-08-06 12:09:41,269 [INFO] 📊 SOL=$73.56 | 挂单: 7个 | 持仓: $74.65 USDT
2026-08-06 12:10:09,063 [INFO] 📊 SOL=$73.56 | 挂单: 7个 | 持仓: $74.65 USDT
2026-08-06 12:10:37,606 [INFO] 📊 SOL=$73.58 | 挂单: 7个 | 持仓: $74.65 USDT
2026-08-06 12:11:05,694 [INFO] 📊 SOL=$73.55 | 挂单: 7个 | 持仓: $74.65 USDT
2026-08-06 12:11:33,458 [INFO] 📊 SOL=$73.58 | 挂单: 7个 | 持仓: $74.65 USDT
2026-08-06 12:11:59,565 [INFO] 📊 SOL=$73.58 | 挂单: 7个 | 持仓: $74.65 USDT
2026-08-06 12:12:27,601 [INFO] 📊 SOL=$73.57 | 挂单: 7个 | 持仓: $74.65 USDT
2026-08-06 12:12:57,030 [INFO] 📊 SOL=$73.59 | 挂单: 7个 | 持仓: $74.65 USDT
2026-08-06 12:13:21,126 [INFO] 📊 SOL=$73.59 | 挂单: 7个 | 持仓: $74.65 USDT
2026-08-06 12:13:46,477 [INFO] 📊 SOL=$73.61 | 挂单: 7个 | 持仓: $74.65 USDT
2026-08-06 12:14:15,397 [INFO] 📊 SOL=$73.60 | 挂单: 7个 | 持仓: $74.65 USDT
2026-08-06 12:14:40,332 [INFO] 📊 SOL=$73.60 | 挂单: 7个 | 持仓: $74.65 USDT
2026-08-06 12:15:05,293 [INFO] 📊 SOL=$73.60 | 挂单: 7个 | 持仓: $74.65 USDT
2026-08-06 12:15:31,588 [INFO] 📊 SOL=$73.61 | 挂单: 7个 | 持仓: $74.65 USDT
2026-08-06 12:15:58,074 [INFO] 📊 SOL=$73.61 | 挂单: 7个 | 持仓: $74.65 USDT
2026-08-06 12:16:23,276 [WARNING] ⚠️ 尝试 1/3 失败: <urlopen error EOF occurred in violation of protocol (_ssl.c:1129)>
2026-08-06 12:16:35,330 [INFO] 📊 SOL=$73.67 | 挂单: 7个 | 持仓: $74.65 USDT
2026-08-06 12:17:02,505 [INFO] 📊 SOL=$73.67 | 挂单: 7个 | 持仓: $74.65 USDT
2026-08-06 12:17:33,351 [INFO] 📊 SOL=$73.66 | 挂单: 7个 | 持仓: $74.65 USDT
2026-08-06 12:17:59,680 [INFO] 📊 SOL=$73.65 | 挂单: 7个 | 持仓: $74.65 USDT
2026-08-06 12:18:22,960 [WARNING] ⚠️ 尝试 1/3 失败: <urlopen error EOF occurred in violation of protocol (_ssl.c:1129)>
2026-08-06 12:18:38,085 [ERROR] 风控检查异常: The read operation timed out
2026-08-06 12:18:41,098 [ERROR] ⚠️ 异常: URLError: <urlopen error EOF occurred in violation of protocol (_ssl.c:1129)>
2026-08-06 12:19:16,788 [INFO] 📊 SOL=$73.67 | 挂单: 7个 | 持仓: $74.65 USDT
2026-08-06 12:19:41,970 [INFO] 📊 SOL=$73.68 | 挂单: 7个 | 持仓: $74.65 USDT
2026-08-06 12:20:06,918 [INFO] 📊 SOL=$73.67 | 挂单: 7个 | 持仓: $74.65 USDT
2026-08-06 12:20:32,083 [INFO] 📊 SOL=$73.68 | 挂单: 7个 | 持仓: $74.65 USDT
2026-08-06 12:20:57,588 [INFO] 📊 SOL=$73.70 | 挂单: 7个 | 持仓: $74.65 USDT
2026-08-06 12:21:22,669 [INFO] 📊 SOL=$73.71 | 挂单: 7个 | 持仓: $74.65 USDT
2026-08-06 12:21:47,809 [INFO] 📊 SOL=$73.73 | 挂单: 7个 | 持仓: $74.65 USDT
2026-08-06 12:22:12,739 [INFO] 📊 SOL=$73.72 | 挂单: 7个 | 持仓: $74.65 USDT
2026-08-06 12:22:37,379 [INFO] 📊 SOL=$73.73 | 挂单: 7个 | 持仓: $74.65 USDT
2026-08-06 12:23:02,017 [INFO] 📊 SOL=$73.75 | 挂单: 7个 | 持仓: $74.65 USDT
2026-08-06 12:23:27,076 [INFO] 📊 SOL=$73.77 | 挂单: 7个 | 持仓: $74.65 USDT
2026-08-06 12:23:52,744 [INFO] 📊 SOL=$73.75 | 挂单: 7个 | 持仓: $74.65 USDT
2026-08-06 12:24:19,213 [INFO] 📊 SOL=$73.77 | 挂单: 7个 | 持仓: $74.65 USDT
2026-08-06 12:24:44,385 [INFO] 📊 SOL=$73.75 | 挂单: 7个 | 持仓: $74.65 USDT
2026-08-06 12:25:09,936 [INFO] 📊 SOL=$73.77 | 挂单: 7个 | 持仓: $74.65 USDT
2026-08-06 12:25:34,576 [INFO] 📊 SOL=$73.80 | 挂单: 7个 | 持仓: $74.65 USDT
2026-08-06 12:26:00,862 [INFO] 📊 SOL=$73.80 | 挂单: 7个 | 持仓: $74.65 USDT
2026-08-06 12:26:25,538 [INFO] 📊 SOL=$73.80 | 挂单: 7个 | 持仓: $74.65 USDT
2026-08-06 12:26:50,291 [INFO] 📊 SOL=$73.80 | 挂单: 7个 | 持仓: $74.65 USDT
2026-08-06 12:27:15,107 [INFO] 📊 SOL=$73.80 | 挂单: 7个 | 持仓: $74.65 USDT
2026-08-06 12:27:39,880 [INFO] 📊 SOL=$73.80 | 挂单: 7个 | 持仓: $74.65 USDT
2026-08-06 12:28:04,217 [INFO] 📊 SOL=$73.80 | 挂单: 7个 | 持仓: $74.65 USDT
2026-08-06 12:28:28,939 [INFO] 📊 SOL=$73.83 | 挂单: 7个 | 持仓: $74.65 USDT
2026-08-06 12:28:53,323 [INFO] 📊 SOL=$73.80 | 挂单: 7个 | 持仓: $74.65 USDT
2026-08-06 12:29:18,428 [INFO] 📊 SOL=$73.81 | 挂单: 7个 | 持仓: $74.65 USDT
2026-08-06 12:29:42,673 [INFO] 📊 SOL=$73.79 | 挂单: 7个 | 持仓: $74.65 USDT
2026-08-06 12:30:07,400 [INFO] 📊 SOL=$73.80 | 挂单: 7个 | 持仓: $74.65 USDT
2026-08-06 12:30:31,963 [INFO] 📊 SOL=$73.80 | 挂单: 7个 | 持仓: $74.65 USDT
2026-08-06 12:30:56,316 [INFO] 📊 SOL=$73.82 | 挂单: 7个 | 持仓: $74.65 USDT
2026-08-06 12:31:22,298 [INFO] 📊 SOL=$73.82 | 挂单: 7个 | 持仓: $74.65 USDT
2026-08-06 12:31:46,446 [INFO] 📊 SOL=$73.81 | 挂单: 7个 | 持仓: $74.65 USDT
2026-08-06 12:32:10,164 [INFO] 📊 SOL=$73.87 | 挂单: 7个 | 持仓: $74.65 USDT
2026-08-06 12:32:34,310 [INFO] 📊 SOL=$73.83 | 挂单: 7个 | 持仓: $74.65 USDT
2026-08-06 12:32:58,507 [INFO] 📊 SOL=$73.85 | 挂单: 7个 | 持仓: $74.65 USDT
2026-08-06 12:33:23,981 [INFO] 📊 SOL=$73.84 | 挂单: 7个 | 持仓: $74.65 USDT
2026-08-06 12:33:49,664 [INFO] 📊 SOL=$73.84 | 挂单: 7个 | 持仓: $74.65 USDT
2026-08-06 12:34:13,745 [INFO] 📊 SOL=$73.84 | 挂单: 7个 | 持仓: $74.65 USDT
2026-08-06 12:34:37,852 [INFO] 📊 SOL=$73.83 | 挂单: 7个 | 持仓: $74.65 USDT
2026-08-06 12:35:02,317 [INFO] 📊 SOL=$73.81 | 挂单: 7个 | 持仓: $74.65 USDT
2026-08-06 12:35:26,936 [INFO] 📊 SOL=$73.81 | 挂单: 7个 | 持仓: $74.65 USDT
2026-08-06 12:35:51,351 [INFO] 📊 SOL=$73.84 | 挂单: 7个 | 持仓: $74.65 USDT
2026-08-06 12:36:15,431 [INFO] 📊 SOL=$73.84 | 挂单: 7个 | 持仓: $74.65 USDT
2026-08-06 12:36:39,952 [INFO] 📊 SOL=$73.85 | 挂单: 7个 | 持仓: $74.65 USDT
2026-08-06 12:37:04,014 [INFO] 📊 SOL=$73.85 | 挂单: 7个 | 持仓: $74.65 USDT
2026-08-06 12:37:27,931 [INFO] 📊 SOL=$73.83 | 挂单: 7个 | 持仓: $74.65 USDT
2026-08-06 12:37:52,208 [INFO] 📊 SOL=$73.83 | 挂单: 7个 | 持仓: $74.65 USDT
2026-08-06 12:38:17,537 [INFO] 📊 SOL=$73.83 | 挂单: 7个 | 持仓: $74.65 USDT
2026-08-06 12:38:42,086 [INFO] 📊 SOL=$73.82 | 挂单: 7个 | 持仓: $74.65 USDT
2026-08-06 12:39:06,494 [INFO] 📊 SOL=$73.82 | 挂单: 7个 | 持仓: $74.65 USDT
2026-08-06 12:39:30,574 [INFO] 📊 SOL=$73.81 | 挂单: 7个 | 持仓: $74.65 USDT
2026-08-06 12:39:55,142 [INFO] 📊 SOL=$73.78 | 挂单: 7个 | 持仓: $74.65 USDT
2026-08-06 12:40:19,989 [INFO] 📊 SOL=$73.79 | 挂单: 7个 | 持仓: $74.65 USDT
2026-08-06 12:40:44,626 [INFO] 📊 SOL=$73.79 | 挂单: 7个 | 持仓: $74.65 USDT
2026-08-06 12:41:10,763 [INFO] 📊 SOL=$73.77 | 挂单: 7个 | 持仓: $74.65 USDT
2026-08-06 12:41:36,047 [INFO] 📊 SOL=$73.77 | 挂单: 7个 | 持仓: $74.65 USDT
2026-08-06 12:42:00,468 [INFO] 📊 SOL=$73.76 | 挂单: 7个 | 持仓: $74.65 USDT
2026-08-06 12:42:25,495 [INFO] 📊 SOL=$73.76 | 挂单: 7个 | 持仓: $74.65 USDT
2026-08-06 12:42:50,041 [INFO] 📊 SOL=$73.77 | 挂单: 7个 | 持仓: $74.65 USDT
2026-08-06 12:43:14,956 [INFO] 📊 SOL=$73.76 | 挂单: 7个 | 持仓: $74.65 USDT
2026-08-06 12:43:39,515 [INFO] 📊 SOL=$73.76 | 挂单: 7个 | 持仓: $74.65 USDT
2026-08-06 12:44:06,768 [INFO] 📊 SOL=$73.74 | 挂单: 7个 | 持仓: $74.65 USDT
2026-08-06 12:44:31,801 [INFO] 📊 SOL=$73.73 | 挂单: 7个 | 持仓: $74.65 USDT
2026-08-06 12:44:55,873 [INFO] 📊 SOL=$73.76 | 挂单: 7个 | 持仓: $74.65 USDT
2026-08-06 12:45:21,993 [INFO] 📊 SOL=$73.74 | 挂单: 7个 | 持仓: $74.65 USDT
2026-08-06 12:45:47,172 [INFO] 📊 SOL=$73.73 | 挂单: 7个 | 持仓: $74.65 USDT
2026-08-06 12:46:11,864 [INFO] 📊 SOL=$73.72 | 挂单: 7个 | 持仓: $74.65 USDT
2026-08-06 12:46:35,877 [INFO] 📊 SOL=$73.72 | 挂单: 7个 | 持仓: $74.65 USDT
2026-08-06 12:47:00,255 [INFO] 📊 SOL=$73.71 | 挂单: 7个 | 持仓: $74.65 USDT
2026-08-06 12:47:24,549 [INFO] 📊 SOL=$73.72 | 挂单: 7个 | 持仓: $74.65 USDT
2026-08-06 12:47:48,768 [INFO] 📊 SOL=$73.73 | 挂单: 7个 | 持仓: $74.65 USDT
2026-08-06 12:48:12,936 [INFO] 📊 SOL=$73.73 | 挂单: 7个 | 持仓: $74.65 USDT
2026-08-06 12:48:36,996 [INFO] 📊 SOL=$73.74 | 挂单: 7个 | 持仓: $74.65 USDT
2026-08-06 12:49:01,365 [INFO] 📊 SOL=$73.75 | 挂单: 7个 | 持仓: $74.65 USDT
2026-08-06 12:49:25,966 [INFO] 📊 SOL=$73.74 | 挂单: 7个 | 持仓: $74.65 USDT
2026-08-06 12:49:50,609 [INFO] 📊 SOL=$73.74 | 挂单: 7个 | 持仓: $74.65 USDT
2026-08-06 12:50:15,078 [INFO] 📊 SOL=$73.73 | 挂单: 7个 | 持仓: $74.65 USDT
2026-08-06 12:50:39,369 [INFO] 📊 SOL=$73.73 | 挂单: 7个 | 持仓: $74.65 USDT
2026-08-06 12:51:03,634 [INFO] 📊 SOL=$73.74 | 挂单: 7个 | 持仓: $74.65 USDT
2026-08-06 12:51:30,143 [INFO] 📊 SOL=$73.74 | 挂单: 7个 | 持仓: $74.65 USDT
2026-08-06 12:51:54,295 [INFO] 📊 SOL=$73.75 | 挂单: 7个 | 持仓: $74.65 USDT
2026-08-06 12:52:18,774 [INFO] 📊 SOL=$73.76 | 挂单: 7个 | 持仓: $74.65 USDT
2026-08-06 12:52:42,799 [INFO] 📊 SOL=$73.76 | 挂单: 7个 | 持仓: $74.65 USDT
2026-08-06 12:53:06,936 [INFO] 📊 SOL=$73.76 | 挂单: 7个 | 持仓: $74.65 USDT
2026-08-06 12:53:31,781 [INFO] 📊 SOL=$73.77 | 挂单: 7个 | 持仓: $74.65 USDT
2026-08-06 12:53:55,901 [INFO] 📊 SOL=$73.78 | 挂单: 7个 | 持仓: $74.65 USDT
2026-08-06 12:54:20,020 [INFO] 📊 SOL=$73.79 | 挂单: 7个 | 持仓: $74.65 USDT
2026-08-06 12:54:43,656 [INFO] 📊 SOL=$73.80 | 挂单: 7个 | 持仓: $74.65 USDT
2026-08-06 12:55:09,027 [INFO] 📊 SOL=$73.84 | 挂单: 7个 | 持仓: $74.65 USDT
2026-08-06 12:55:35,020 [INFO] 📊 SOL=$73.82 | 挂单: 7个 | 持仓: $74.65 USDT
2026-08-06 12:55:59,219 [INFO] 📊 SOL=$73.84 | 挂单: 7个 | 持仓: $74.65 USDT
2026-08-06 12:56:23,212 [INFO] 📊 SOL=$73.81 | 挂单: 7个 | 持仓: $74.65 USDT
2026-08-06 12:56:47,615 [INFO] 📊 SOL=$73.82 | 挂单: 7个 | 持仓: $74.65 USDT
2026-08-06 12:57:11,966 [INFO] 📊 SOL=$73.83 | 挂单: 7个 | 持仓: $74.65 USDT
2026-08-06 12:57:36,242 [INFO] 📊 SOL=$73.83 | 挂单: 7个 | 持仓: $74.65 USDT
2026-08-06 12:58:00,891 [INFO] 📊 SOL=$73.84 | 挂单: 7个 | 持仓: $74.65 USDT
2026-08-06 12:58:25,058 [INFO] 📊 SOL=$73.82 | 挂单: 7个 | 持仓: $74.65 USDT
2026-08-06 12:58:49,905 [INFO] 📊 SOL=$73.84 | 挂单: 7个 | 持仓: $74.65 USDT
2026-08-06 12:59:14,381 [INFO] 📊 SOL=$73.84 | 挂单: 7个 | 持仓: $74.65 USDT
2026-08-06 12:59:38,969 [INFO] 📊 SOL=$73.86 | 挂单: 7个 | 持仓: $74.65 USDT
2026-08-06 13:00:03,645 [INFO] 📊 SOL=$73.89 | 挂单: 7个 | 持仓: $74.65 USDT
2026-08-06 13:00:27,905 [INFO] 📊 SOL=$73.89 | 挂单: 7个 | 持仓: $74.65 USDT
2026-08-06 13:00:52,595 [INFO] 📊 SOL=$73.89 | 挂单: 7个 | 持仓: $74.65 USDT
2026-08-06 13:01:16,581 [INFO] 📊 SOL=$73.88 | 挂单: 7个 | 持仓: $74.65 USDT
2026-08-06 13:01:42,105 [INFO] 📊 SOL=$73.89 | 挂单: 7个 | 持仓: $74.65 USDT
2026-08-06 13:02:06,462 [INFO] 📊 SOL=$73.93 | 挂单: 7个 | 持仓: $74.65 USDT
2026-08-06 13:02:31,800 [INFO] 📊 SOL=$73.91 | 挂单: 7个 | 持仓: $74.65 USDT
2026-08-06 13:02:55,915 [INFO] 📊 SOL=$73.93 | 挂单: 7个 | 持仓: $74.65 USDT
2026-08-06 13:03:20,405 [INFO] 📊 SOL=$73.93 | 挂单: 7个 | 持仓: $74.65 USDT
2026-08-06 13:03:45,032 [INFO] 📊 SOL=$73.94 | 挂单: 7个 | 持仓: $74.65 USDT
2026-08-06 13:04:09,456 [INFO] 📊 SOL=$73.93 | 挂单: 7个 | 持仓: $74.65 USDT
2026-08-06 13:04:34,365 [INFO] 📊 SOL=$73.95 | 挂单: 7个 | 持仓: $74.65 USDT
2026-08-06 13:04:58,331 [INFO] 📊 SOL=$73.94 | 挂单: 7个 | 持仓: $74.65 USDT
2026-08-06 13:05:24,103 [INFO] 📊 SOL=$73.99 | 挂单: 7个 | 持仓: $74.65 USDT
2026-08-06 13:05:49,467 [INFO] 📊 SOL=$74.14 | 挂单: 7个 | 持仓: $74.65 USDT
2026-08-06 13:06:15,967 [INFO] 📊 SOL=$74.13 | 挂单: 7个 | 持仓: $74.65 USDT
2026-08-06 13:06:41,120 [INFO] 📊 SOL=$74.12 | 挂单: 7个 | 持仓: $74.65 USDT
2026-08-06 13:07:05,522 [INFO] 📊 SOL=$74.14 | 挂单: 7个 | 持仓: $74.65 USDT
2026-08-06 13:07:29,671 [INFO] 📊 SOL=$74.14 | 挂单: 7个 | 持仓: $74.65 USDT
2026-08-06 13:07:54,075 [INFO] 📊 SOL=$74.17 | 挂单: 7个 | 持仓: $74.65 USDT
2026-08-06 13:08:19,619 [INFO] 📊 SOL=$74.22 | 挂单: 7个 | 持仓: $74.65 USDT
2026-08-06 13:08:46,640 [INFO] 📊 SOL=$74.32 | 挂单: 7个 | 持仓: $74.65 USDT
2026-08-06 13:09:12,500 [INFO] 📊 SOL=$74.31 | 挂单: 7个 | 持仓: $74.65 USDT
2026-08-06 13:09:36,651 [INFO] 📊 SOL=$74.25 | 挂单: 7个 | 持仓: $74.65 USDT
2026-08-06 13:10:01,500 [INFO] 📊 SOL=$74.26 | 挂单: 7个 | 持仓: $74.65 USDT
2026-08-06 13:10:26,098 [INFO] 📊 SOL=$74.23 | 挂单: 7个 | 持仓: $74.65 USDT
2026-08-06 13:10:50,213 [INFO] 📊 SOL=$74.18 | 挂单: 7个 | 持仓: $74.65 USDT
2026-08-06 13:11:14,390 [INFO] 📊 SOL=$74.19 | 挂单: 7个 | 持仓: $74.65 USDT
2026-08-06 13:11:38,336 [INFO] 📊 SOL=$74.20 | 挂单: 7个 | 持仓: $74.65 USDT
2026-08-06 13:12:02,365 [INFO] 📊 SOL=$74.19 | 挂单: 7个 | 持仓: $74.65 USDT
2026-08-06 13:12:26,312 [INFO] 📊 SOL=$74.21 | 挂单: 7个 | 持仓: $74.65 USDT
2026-08-06 13:12:50,535 [INFO] 📊 SOL=$74.22 | 挂单: 7个 | 持仓: $74.65 USDT
2026-08-06 13:13:14,802 [INFO] 📊 SOL=$74.19 | 挂单: 7个 | 持仓: $74.65 USDT
2026-08-06 13:13:39,159 [INFO] 📊 SOL=$74.22 | 挂单: 7个 | 持仓: $74.65 USDT
2026-08-06 13:14:03,810 [INFO] 📊 SOL=$74.22 | 挂单: 7个 | 持仓: $74.65 USDT
2026-08-06 13:14:28,371 [INFO] 📊 SOL=$74.22 | 挂单: 7个 | 持仓: $74.65 USDT
2026-08-06 13:14:53,197 [INFO] 📊 SOL=$74.22 | 挂单: 7个 | 持仓: $74.65 USDT
2026-08-06 13:15:18,063 [INFO] 📊 SOL=$74.21 | 挂单: 7个 | 持仓: $74.65 USDT
2026-08-06 13:15:42,852 [INFO] 📊 SOL=$74.21 | 挂单: 7个 | 持仓: $74.65 USDT
2026-08-06 13:16:07,954 [INFO] 📊 SOL=$74.22 | 挂单: 7个 | 持仓: $74.65 USDT
2026-08-06 13:16:31,788 [INFO] 📊 SOL=$74.24 | 挂单: 7个 | 持仓: $74.65 USDT
2026-08-06 13:16:55,494 [INFO] 📊 SOL=$74.30 | 挂单: 7个 | 持仓: $74.65 USDT
2026-08-06 13:17:19,287 [INFO] 📊 SOL=$74.33 | 挂单: 7个 | 持仓: $74.65 USDT
2026-08-06 13:17:43,458 [INFO] 📊 SOL=$74.30 | 挂单: 7个 | 持仓: $74.65 USDT
2026-08-06 13:18:07,658 [INFO] 📊 SOL=$74.31 | 挂单: 7个 | 持仓: $74.65 USDT
2026-08-06 13:18:32,530 [INFO] 📊 SOL=$74.31 | 挂单: 7个 | 持仓: $74.65 USDT
2026-08-06 13:18:56,570 [INFO] 📊 SOL=$74.28 | 挂单: 7个 | 持仓: $74.65 USDT
2026-08-06 13:19:20,870 [INFO] 📊 SOL=$74.20 | 挂单: 7个 | 持仓: $74.65 USDT
2026-08-06 13:19:45,252 [INFO] 📊 SOL=$74.21 | 挂单: 7个 | 持仓: $74.65 USDT
2026-08-06 13:20:09,651 [INFO] 📊 SOL=$74.21 | 挂单: 7个 | 持仓: $74.65 USDT
2026-08-06 13:20:33,650 [INFO] 📊 SOL=$74.21 | 挂单: 7个 | 持仓: $74.65 USDT
2026-08-06 13:20:57,564 [INFO] 📊 SOL=$74.22 | 挂单: 7个 | 持仓: $74.65 USDT
2026-08-06 13:21:21,848 [INFO] 📊 SOL=$74.21 | 挂单: 7个 | 持仓: $74.65 USDT
2026-08-06 13:21:46,231 [INFO] 📊 SOL=$74.20 | 挂单: 7个 | 持仓: $74.65 USDT
2026-08-06 13:22:10,846 [INFO] 📊 SOL=$74.20 | 挂单: 7个 | 持仓: $74.65 USDT
2026-08-06 13:22:35,728 [INFO] 📊 SOL=$74.24 | 挂单: 7个 | 持仓: $74.65 USDT
2026-08-06 13:22:59,720 [INFO] 📊 SOL=$74.26 | 挂单: 7个 | 持仓: $74.65 USDT
2026-08-06 13:23:25,272 [INFO] 📊 SOL=$74.26 | 挂单: 7个 | 持仓: $74.65 USDT
2026-08-06 13:23:49,549 [INFO] 📊 SOL=$74.25 | 挂单: 7个 | 持仓: $74.65 USDT
2026-08-06 13:24:14,582 [INFO] 📊 SOL=$74.25 | 挂单: 7个 | 持仓: $74.65 USDT
2026-08-06 13:24:39,808 [INFO] 📊 SOL=$74.28 | 挂单: 7个 | 持仓: $74.65 USDT
2026-08-06 13:25:04,073 [INFO] 📊 SOL=$74.30 | 挂单: 7个 | 持仓: $74.65 USDT
2026-08-06 13:25:28,840 [INFO] 📊 SOL=$74.27 | 挂单: 7个 | 持仓: $74.65 USDT
2026-08-06 13:25:56,209 [INFO] 📊 SOL=$74.25 | 挂单: 7个 | 持仓: $74.65 USDT
2026-08-06 13:26:20,376 [INFO] 📊 SOL=$74.22 | 挂单: 7个 | 持仓: $74.65 USDT
2026-08-06 13:26:44,728 [INFO] 📊 SOL=$74.24 | 挂单: 7个 | 持仓: $74.65 USDT
2026-08-06 13:27:08,985 [INFO] 📊 SOL=$74.25 | 挂单: 7个 | 持仓: $74.65 USDT
2026-08-06 13:27:33,078 [INFO] 📊 SOL=$74.22 | 挂单: 7个 | 持仓: $74.65 USDT
2026-08-06 13:27:57,485 [INFO] 📊 SOL=$74.17 | 挂单: 7个 | 持仓: $74.65 USDT
2026-08-06 13:28:22,264 [INFO] 📊 SOL=$74.16 | 挂单: 7个 | 持仓: $74.65 USDT
2026-08-06 13:28:47,632 [INFO] 📊 SOL=$74.13 | 挂单: 7个 | 持仓: $74.65 USDT
2026-08-06 13:29:11,715 [INFO] 📊 SOL=$74.11 | 挂单: 7个 | 持仓: $74.65 USDT
2026-08-06 13:29:35,934 [INFO] 📊 SOL=$74.13 | 挂单: 7个 | 持仓: $74.65 USDT
2026-08-06 13:30:00,780 [INFO] 📊 SOL=$74.14 | 挂单: 7个 | 持仓: $74.65 USDT
2026-08-06 13:30:24,959 [INFO] 📊 SOL=$74.14 | 挂单: 7个 | 持仓: $74.65 USDT
2026-08-06 13:30:49,812 [INFO] 📊 SOL=$74.15 | 挂单: 7个 | 持仓: $74.65 USDT
2026-08-06 13:31:13,827 [INFO] 📊 SOL=$74.16 | 挂单: 7个 | 持仓: $74.65 USDT
2026-08-06 13:31:37,867 [INFO] 📊 SOL=$74.16 | 挂单: 7个 | 持仓: $74.65 USDT
2026-08-06 13:32:02,032 [INFO] 📊 SOL=$74.19 | 挂单: 7个 | 持仓: $74.65 USDT
2026-08-06 13:32:28,071 [INFO] 📊 SOL=$74.15 | 挂单: 7个 | 持仓: $74.65 USDT
2026-08-06 13:32:51,954 [INFO] 📊 SOL=$74.14 | 挂单: 7个 | 持仓: $74.65 USDT
2026-08-06 13:33:20,664 [INFO] 📊 SOL=$74.14 | 挂单: 7个 | 持仓: $74.65 USDT
2026-08-06 13:33:45,027 [INFO] 📊 SOL=$74.12 | 挂单: 7个 | 持仓: $74.65 USDT
2026-08-06 13:34:10,085 [INFO] 📊 SOL=$74.12 | 挂单: 7个 | 持仓: $74.65 USDT
2026-08-06 13:34:34,725 [INFO] 📊 SOL=$74.09 | 挂单: 7个 | 持仓: $74.65 USDT
2026-08-06 13:34:59,296 [INFO] 📊 SOL=$74.12 | 挂单: 7个 | 持仓: $74.65 USDT
2026-08-06 13:35:23,926 [INFO] 📊 SOL=$74.13 | 挂单: 7个 | 持仓: $74.65 USDT
2026-08-06 13:35:50,584 [INFO] 📊 SOL=$74.13 | 挂单: 7个 | 持仓: $74.65 USDT
2026-08-06 13:36:15,411 [INFO] 📊 SOL=$74.13 | 挂单: 7个 | 持仓: $74.65 USDT
2026-08-06 13:36:40,132 [INFO] 📊 SOL=$74.14 | 挂单: 7个 | 持仓: $74.65 USDT
2026-08-06 13:37:04,729 [INFO] 📊 SOL=$74.12 | 挂单: 7个 | 持仓: $74.65 USDT
2026-08-06 13:37:29,984 [INFO] 📊 SOL=$74.12 | 挂单: 7个 | 持仓: $74.65 USDT
2026-08-06 13:37:54,456 [INFO] 📊 SOL=$74.11 | 挂单: 7个 | 持仓: $74.65 USDT
2026-08-06 13:38:19,733 [INFO] 📊 SOL=$74.13 | 挂单: 7个 | 持仓: $74.65 USDT
2026-08-06 13:38:47,892 [INFO] 📊 SOL=$74.13 | 挂单: 7个 | 持仓: $74.65 USDT
2026-08-06 13:39:12,495 [INFO] 📊 SOL=$74.15 | 挂单: 7个 | 持仓: $74.65 USDT
2026-08-06 13:39:39,373 [INFO] 📊 SOL=$74.16 | 挂单: 7个 | 持仓: $74.65 USDT
2026-08-06 13:40:06,376 [INFO] 📊 SOL=$74.12 | 挂单: 7个 | 持仓: $74.65 USDT
2026-08-06 13:40:30,950 [INFO] 📊 SOL=$74.11 | 挂单: 7个 | 持仓: $74.65 USDT
2026-08-06 13:40:58,876 [INFO] 📊 SOL=$74.14 | 挂单: 7个 | 持仓: $74.65 USDT
2026-08-06 13:41:23,919 [INFO] 📊 SOL=$74.14 | 挂单: 7个 | 持仓: $74.65 USDT
2026-08-06 13:41:49,103 [INFO] 📊 SOL=$74.14 | 挂单: 7个 | 持仓: $74.65 USDT
2026-08-06 13:42:14,113 [INFO] 📊 SOL=$74.17 | 挂单: 7个 | 持仓: $74.65 USDT
2026-08-06 13:42:39,225 [INFO] 📊 SOL=$74.16 | 挂单: 7个 | 持仓: $74.65 USDT
2026-08-06 13:43:03,935 [INFO] 📊 SOL=$74.17 | 挂单: 7个 | 持仓: $74.65 USDT
2026-08-06 13:43:28,177 [INFO] 📊 SOL=$74.17 | 挂单: 7个 | 持仓: $74.65 USDT
2026-08-06 13:43:52,699 [INFO] 📊 SOL=$74.17 | 挂单: 7个 | 持仓: $74.65 USDT
2026-08-06 13:44:17,713 [INFO] 📊 SOL=$74.19 | 挂单: 7个 | 持仓: $74.65 USDT
2026-08-06 13:44:43,551 [INFO] 📊 SOL=$74.19 | 挂单: 7个 | 持仓: $74.65 USDT
2026-08-06 13:45:09,919 [INFO] 📊 SOL=$74.19 | 挂单: 7个 | 持仓: $74.65 USDT
2026-08-06 13:45:34,811 [INFO] 📊 SOL=$74.19 | 挂单: 7个 | 持仓: $74.65 USDT
2026-08-06 13:45:59,773 [INFO] 📊 SOL=$74.21 | 挂单: 7个 | 持仓: $74.65 USDT
2026-08-06 13:46:24,917 [INFO] 📊 SOL=$74.20 | 挂单: 7个 | 持仓: $74.65 USDT
2026-08-06 13:46:50,253 [INFO] 📊 SOL=$74.19 | 挂单: 7个 | 持仓: $74.65 USDT
2026-08-06 13:47:14,539 [INFO] 📊 SOL=$74.18 | 挂单: 7个 | 持仓: $74.65 USDT
2026-08-06 13:47:41,383 [INFO] 📊 SOL=$74.18 | 挂单: 7个 | 持仓: $74.65 USDT
2026-08-06 13:48:07,973 [INFO] 📊 SOL=$74.17 | 挂单: 7个 | 持仓: $74.65 USDT
2026-08-06 13:48:31,891 [INFO] 📊 SOL=$74.16 | 挂单: 7个 | 持仓: $74.65 USDT
2026-08-06 13:48:57,084 [INFO] 📊 SOL=$74.16 | 挂单: 7个 | 持仓: $74.65 USDT
2026-08-06 13:49:22,585 [INFO] 📊 SOL=$74.16 | 挂单: 7个 | 持仓: $74.65 USDT
2026-08-06 13:49:48,950 [INFO] 📊 SOL=$74.16 | 挂单: 7个 | 持仓: $74.65 USDT
2026-08-06 13:50:14,624 [INFO] 📊 SOL=$74.15 | 挂单: 7个 | 持仓: $74.65 USDT
2026-08-06 13:50:39,757 [INFO] 📊 SOL=$74.16 | 挂单: 7个 | 持仓: $74.65 USDT
2026-08-06 13:51:04,720 [INFO] 📊 SOL=$74.16 | 挂单: 7个 | 持仓: $74.65 USDT
2026-08-06 13:51:30,169 [INFO] 📊 SOL=$74.17 | 挂单: 7个 | 持仓: $74.65 USDT
2026-08-06 13:51:55,387 [INFO] 📊 SOL=$74.18 | 挂单: 7个 | 持仓: $74.65 USDT
2026-08-06 13:52:20,706 [INFO] 📊 SOL=$74.18 | 挂单: 7个 | 持仓: $74.65 USDT
2026-08-06 13:52:45,259 [INFO] 📊 SOL=$74.18 | 挂单: 7个 | 持仓: $74.65 USDT
2026-08-06 13:53:10,290 [INFO] 📊 SOL=$74.15 | 挂单: 7个 | 持仓: $74.65 USDT
2026-08-06 13:53:34,800 [INFO] 📊 SOL=$74.17 | 挂单: 7个 | 持仓: $74.65 USDT
2026-08-06 13:54:01,369 [INFO] 📊 SOL=$74.18 | 挂单: 7个 | 持仓: $74.65 USDT
2026-08-06 13:54:26,277 [INFO] 📊 SOL=$74.17 | 挂单: 7个 | 持仓: $74.65 USDT
2026-08-06 13:54:53,295 [INFO] 📊 SOL=$74.18 | 挂单: 7个 | 持仓: $74.65 USDT
2026-08-06 13:55:19,238 [INFO] 📊 SOL=$74.18 | 挂单: 7个 | 持仓: $74.65 USDT
2026-08-06 13:55:45,496 [INFO] 📊 SOL=$74.17 | 挂单: 7个 | 持仓: $74.65 USDT
2026-08-06 13:56:10,411 [INFO] 📊 SOL=$74.17 | 挂单: 7个 | 持仓: $74.65 USDT
2026-08-06 13:56:35,042 [INFO] 📊 SOL=$74.17 | 挂单: 7个 | 持仓: $74.65 USDT
2026-08-06 13:56:59,438 [INFO] 📊 SOL=$74.16 | 挂单: 7个 | 持仓: $74.65 USDT
2026-08-06 13:57:25,023 [INFO] 📊 SOL=$74.17 | 挂单: 7个 | 持仓: $74.65 USDT
2026-08-06 13:57:49,163 [INFO] 📊 SOL=$74.18 | 挂单: 7个 | 持仓: $74.65 USDT
2026-08-06 13:58:13,904 [INFO] 📊 SOL=$74.20 | 挂单: 7个 | 持仓: $74.65 USDT
2026-08-06 13:58:38,325 [INFO] 📊 SOL=$74.20 | 挂单: 7个 | 持仓: $74.65 USDT
2026-08-06 13:59:02,944 [INFO] 📊 SOL=$74.20 | 挂单: 7个 | 持仓: $74.65 USDT
2026-08-06 13:59:27,955 [INFO] 📊 SOL=$74.20 | 挂单: 7个 | 持仓: $74.65 USDT
2026-08-06 13:59:52,601 [INFO] 📊 SOL=$74.23 | 挂单: 7个 | 持仓: $74.65 USDT
2026-08-06 14:00:17,687 [INFO] 📊 SOL=$74.21 | 挂单: 7个 | 持仓: $74.65 USDT
2026-08-06 14:00:41,750 [INFO] 📊 SOL=$74.20 | 挂单: 7个 | 持仓: $74.65 USDT
2026-08-06 14:01:06,254 [INFO] 📊 SOL=$74.16 | 挂单: 7个 | 持仓: $74.65 USDT
2026-08-06 14:01:30,517 [INFO] 📊 SOL=$74.19 | 挂单: 7个 | 持仓: $74.65 USDT
2026-08-06 14:01:56,223 [INFO] 📊 SOL=$74.18 | 挂单: 7个 | 持仓: $74.65 USDT
2026-08-06 14:02:21,728 [INFO] 📊 SOL=$74.19 | 挂单: 7个 | 持仓: $74.65 USDT
2026-08-06 14:02:45,962 [INFO] 📊 SOL=$74.21 | 挂单: 7个 | 持仓: $74.65 USDT
2026-08-06 14:03:10,420 [INFO] 📊 SOL=$74.20 | 挂单: 7个 | 持仓: $74.65 USDT
2026-08-06 14:03:35,133 [INFO] 📊 SOL=$74.20 | 挂单: 7个 | 持仓: $74.65 USDT
2026-08-06 14:04:01,545 [INFO] 📊 SOL=$74.24 | 挂单: 7个 | 持仓: $74.65 USDT
2026-08-06 14:04:26,393 [INFO] 📊 SOL=$74.24 | 挂单: 7个 | 持仓: $74.65 USDT
2026-08-06 14:04:51,366 [INFO] 📊 SOL=$74.24 | 挂单: 7个 | 持仓: $74.65 USDT
2026-08-06 14:05:16,113 [INFO] 📊 SOL=$74.24 | 挂单: 7个 | 持仓: $74.65 USDT
2026-08-06 14:05:41,890 [INFO] 📊 SOL=$74.24 | 挂单: 7个 | 持仓: $74.65 USDT
2026-08-06 14:06:06,487 [INFO] 📊 SOL=$74.24 | 挂单: 7个 | 持仓: $74.65 USDT
2026-08-06 14:06:30,905 [INFO] 📊 SOL=$74.20 | 挂单: 7个 | 持仓: $74.65 USDT
2026-08-06 14:06:55,390 [INFO] 📊 SOL=$74.15 | 挂单: 7个 | 持仓: $74.65 USDT
2026-08-06 14:07:19,462 [INFO] 📊 SOL=$74.15 | 挂单: 7个 | 持仓: $74.65 USDT
2026-08-06 14:07:47,160 [INFO] 📊 SOL=$74.14 | 挂单: 7个 | 持仓: $74.65 USDT
2026-08-06 14:08:11,697 [INFO] 📊 SOL=$74.15 | 挂单: 7个 | 持仓: $74.65 USDT
2026-08-06 14:08:36,558 [INFO] 📊 SOL=$74.15 | 挂单: 7个 | 持仓: $74.65 USDT
2026-08-06 14:09:03,517 [INFO] 📊 SOL=$74.14 | 挂单: 7个 | 持仓: $74.65 USDT
2026-08-06 14:09:29,320 [INFO] 📊 SOL=$74.14 | 挂单: 7个 | 持仓: $74.65 USDT
2026-08-06 14:09:57,000 [INFO] 📊 SOL=$74.10 | 挂单: 7个 | 持仓: $74.65 USDT
2026-08-06 14:10:22,416 [INFO] 📊 SOL=$74.10 | 挂单: 7个 | 持仓: $74.65 USDT
2026-08-06 14:10:47,420 [INFO] 📊 SOL=$74.10 | 挂单: 7个 | 持仓: $74.65 USDT
2026-08-06 14:11:12,147 [INFO] 📊 SOL=$74.09 | 挂单: 7个 | 持仓: $74.65 USDT
2026-08-06 14:11:36,670 [INFO] 📊 SOL=$74.09 | 挂单: 7个 | 持仓: $74.65 USDT
2026-08-06 14:12:03,147 [INFO] 📊 SOL=$74.06 | 挂单: 7个 | 持仓: $74.65 USDT
2026-08-06 14:12:29,900 [INFO] 📊 SOL=$74.06 | 挂单: 7个 | 持仓: $74.65 USDT
2026-08-06 14:12:55,370 [INFO] 📊 SOL=$74.05 | 挂单: 7个 | 持仓: $74.65 USDT
2026-08-06 14:13:23,396 [INFO] 📊 SOL=$74.04 | 挂单: 7个 | 持仓: $74.65 USDT
2026-08-06 14:13:48,401 [INFO] 📊 SOL=$74.04 | 挂单: 7个 | 持仓: $74.65 USDT
2026-08-06 14:14:13,041 [INFO] 📊 SOL=$74.03 | 挂单: 7个 | 持仓: $74.65 USDT
2026-08-06 14:14:37,764 [INFO] 📊 SOL=$74.03 | 挂单: 7个 | 持仓: $74.65 USDT
2026-08-06 14:15:04,721 [INFO] 📊 SOL=$74.03 | 挂单: 7个 | 持仓: $74.65 USDT
2026-08-06 14:15:29,667 [INFO] 📊 SOL=$74.04 | 挂单: 7个 | 持仓: $74.65 USDT
2026-08-06 14:15:54,818 [INFO] 📊 SOL=$74.00 | 挂单: 7个 | 持仓: $74.65 USDT
2026-08-06 14:16:20,458 [INFO] 📊 SOL=$73.99 | 挂单: 7个 | 持仓: $74.65 USDT
2026-08-06 14:16:45,875 [INFO] 📊 SOL=$74.00 | 挂单: 7个 | 持仓: $74.65 USDT
2026-08-06 14:17:10,677 [INFO] 📊 SOL=$73.98 | 挂单: 7个 | 持仓: $74.65 USDT
2026-08-06 14:17:35,007 [INFO] 📊 SOL=$73.99 | 挂单: 7个 | 持仓: $74.65 USDT
2026-08-06 14:18:01,557 [INFO] 📊 SOL=$73.97 | 挂单: 7个 | 持仓: $74.65 USDT
2026-08-06 14:18:27,718 [INFO] 📊 SOL=$73.97 | 挂单: 7个 | 持仓: $74.65 USDT
2026-08-06 14:18:55,303 [INFO] 📊 SOL=$74.00 | 挂单: 7个 | 持仓: $74.65 USDT
2026-08-06 14:19:22,197 [INFO] 📊 SOL=$74.00 | 挂单: 7个 | 持仓: $74.65 USDT
2026-08-06 14:19:46,753 [INFO] 📊 SOL=$73.99 | 挂单: 7个 | 持仓: $74.65 USDT
2026-08-06 14:20:13,643 [INFO] 📊 SOL=$74.00 | 挂单: 7个 | 持仓: $74.65 USDT
2026-08-06 14:20:39,752 [INFO] 📊 SOL=$74.01 | 挂单: 7个 | 持仓: $74.65 USDT
2026-08-06 14:21:05,640 [INFO] 📊 SOL=$74.01 | 挂单: 7个 | 持仓: $74.65 USDT
2026-08-06 14:21:33,503 [INFO] 📊 SOL=$74.01 | 挂单: 7个 | 持仓: $74.65 USDT
2026-08-06 14:22:00,769 [INFO] 📊 SOL=$74.02 | 挂单: 7个 | 持仓: $74.65 USDT
2026-08-06 14:22:26,381 [INFO] 📊 SOL=$74.02 | 挂单: 7个 | 持仓: $74.65 USDT
2026-08-06 14:22:52,377 [INFO] 📊 SOL=$74.01 | 挂单: 7个 | 持仓: $74.65 USDT
2026-08-06 14:23:18,329 [INFO] 📊 SOL=$74.05 | 挂单: 7个 | 持仓: $74.65 USDT
2026-08-06 14:23:44,231 [INFO] 📊 SOL=$74.06 | 挂单: 7个 | 持仓: $74.65 USDT
2026-08-06 14:24:09,930 [INFO] 📊 SOL=$74.07 | 挂单: 7个 | 持仓: $74.65 USDT
2026-08-06 14:24:35,114 [INFO] 📊 SOL=$74.09 | 挂单: 7个 | 持仓: $74.65 USDT
2026-08-06 14:25:00,205 [INFO] 📊 SOL=$74.09 | 挂单: 7个 | 持仓: $74.65 USDT
2026-08-06 14:25:25,537 [INFO] 📊 SOL=$74.09 | 挂单: 7个 | 持仓: $74.65 USDT
2026-08-06 14:25:51,030 [INFO] 📊 SOL=$74.10 | 挂单: 7个 | 持仓: $74.65 USDT
2026-08-06 14:26:15,918 [INFO] 📊 SOL=$74.13 | 挂单: 7个 | 持仓: $74.65 USDT
2026-08-06 14:26:41,538 [INFO] 📊 SOL=$74.13 | 挂单: 7个 | 持仓: $74.65 USDT
2026-08-06 14:27:06,785 [INFO] 📊 SOL=$74.13 | 挂单: 7个 | 持仓: $74.65 USDT
2026-08-06 14:27:33,271 [INFO] 📊 SOL=$74.11 | 挂单: 7个 | 持仓: $74.65 USDT
2026-08-06 14:28:03,022 [INFO] 📊 SOL=$74.07 | 挂单: 7个 | 持仓: $74.65 USDT
2026-08-06 14:28:28,369 [INFO] 📊 SOL=$74.07 | 挂单: 7个 | 持仓: $74.65 USDT
2026-08-06 14:28:54,767 [INFO] 📊 SOL=$74.07 | 挂单: 7个 | 持仓: $74.65 USDT
2026-08-06 14:29:23,592 [INFO] 📊 SOL=$74.08 | 挂单: 7个 | 持仓: $74.65 USDT
2026-08-06 14:29:48,049 [INFO] 📊 SOL=$74.08 | 挂单: 7个 | 持仓: $74.65 USDT
2026-08-06 14:30:12,875 [INFO] 📊 SOL=$74.08 | 挂单: 7个 | 持仓: $74.65 USDT
2026-08-06 14:30:39,075 [INFO] 📊 SOL=$74.06 | 挂单: 7个 | 持仓: $74.65 USDT
2026-08-06 14:31:06,546 [INFO] 📊 SOL=$74.05 | 挂单: 7个 | 持仓: $74.65 USDT
2026-08-06 14:31:32,903 [INFO] 📊 SOL=$74.05 | 挂单: 7个 | 持仓: $74.65 USDT
2026-08-06 14:31:58,889 [INFO] 📊 SOL=$74.05 | 挂单: 7个 | 持仓: $74.65 USDT
2026-08-06 14:32:29,182 [INFO] 📊 SOL=$74.07 | 挂单: 7个 | 持仓: $74.65 USDT
2026-08-06 14:32:55,108 [INFO] 📊 SOL=$74.08 | 挂单: 7个 | 持仓: $74.65 USDT
2026-08-06 14:33:20,949 [INFO] 📊 SOL=$74.05 | 挂单: 7个 | 持仓: $74.65 USDT
2026-08-06 14:33:46,841 [INFO] 📊 SOL=$74.05 | 挂单: 7个 | 持仓: $74.65 USDT
2026-08-06 14:34:13,671 [INFO] 📊 SOL=$74.05 | 挂单: 7个 | 持仓: $74.65 USDT
2026-08-06 14:34:37,451 [ERROR] 风控检查异常: <urlopen error EOF occurred in violation of protocol (_ssl.c:1129)>
2026-08-06 14:34:41,358 [INFO] 📊 SOL=$74.05 | 挂单: 7个 | 持仓: $74.65 USDT
2026-08-06 14:35:07,986 [INFO] 📊 SOL=$74.08 | 挂单: 7个 | 持仓: $74.65 USDT
2026-08-06 14:35:34,074 [INFO] 📊 SOL=$74.08 | 挂单: 7个 | 持仓: $74.65 USDT
2026-08-06 14:35:59,943 [INFO] 📊 SOL=$74.09 | 挂单: 7个 | 持仓: $74.65 USDT
2026-08-06 14:36:28,076 [INFO] 📊 SOL=$74.07 | 挂单: 7个 | 持仓: $74.65 USDT
2026-08-06 14:36:55,873 [INFO] 📊 SOL=$74.08 | 挂单: 7个 | 持仓: $74.65 USDT
2026-08-06 14:37:23,138 [INFO] 📊 SOL=$74.04 | 挂单: 7个 | 持仓: $74.65 USDT
2026-08-06 14:37:49,764 [INFO] 📊 SOL=$74.03 | 挂单: 7个 | 持仓: $74.65 USDT
2026-08-06 14:38:15,352 [INFO] 📊 SOL=$74.04 | 挂单: 7个 | 持仓: $74.65 USDT
2026-08-06 14:38:40,774 [INFO] 📊 SOL=$74.05 | 挂单: 7个 | 持仓: $74.65 USDT
2026-08-06 14:39:07,132 [INFO] 📊 SOL=$74.05 | 挂单: 7个 | 持仓: $74.65 USDT
2026-08-06 14:39:35,938 [INFO] 📊 SOL=$74.07 | 挂单: 7个 | 持仓: $74.65 USDT
2026-08-06 14:40:02,530 [INFO] 📊 SOL=$74.07 | 挂单: 7个 | 持仓: $74.65 USDT
2026-08-06 14:40:28,975 [INFO] 📊 SOL=$74.07 | 挂单: 7个 | 持仓: $74.65 USDT
2026-08-06 14:40:55,075 [INFO] 📊 SOL=$74.03 | 挂单: 7个 | 持仓: $74.65 USDT
2026-08-06 14:41:21,375 [INFO] 📊 SOL=$74.06 | 挂单: 7个 | 持仓: $74.65 USDT
2026-08-06 14:41:49,670 [INFO] 📊 SOL=$74.07 | 挂单: 7个 | 持仓: $74.65 USDT
2026-08-06 14:42:15,298 [INFO] 📊 SOL=$74.08 | 挂单: 7个 | 持仓: $74.65 USDT
2026-08-06 14:42:42,796 [INFO] 📊 SOL=$74.09 | 挂单: 7个 | 持仓: $74.65 USDT
2026-08-06 14:43:11,245 [INFO] 📊 SOL=$74.07 | 挂单: 7个 | 持仓: $74.65 USDT
2026-08-06 14:43:36,637 [INFO] 📊 SOL=$74.09 | 挂单: 7个 | 持仓: $74.65 USDT
2026-08-06 14:44:05,763 [INFO] 📊 SOL=$74.09 | 挂单: 7个 | 持仓: $74.65 USDT
2026-08-06 14:44:33,564 [INFO] 📊 SOL=$74.11 | 挂单: 7个 | 持仓: $74.65 USDT
2026-08-06 14:45:02,232 [INFO] 📊 SOL=$74.12 | 挂单: 7个 | 持仓: $74.65 USDT
2026-08-06 14:45:27,797 [INFO] 📊 SOL=$74.11 | 挂单: 7个 | 持仓: $74.65 USDT
2026-08-06 14:45:53,630 [INFO] 📊 SOL=$74.12 | 挂单: 7个 | 持仓: $74.65 USDT
2026-08-06 14:46:18,937 [INFO] 📊 SOL=$74.12 | 挂单: 7个 | 持仓: $74.65 USDT
2026-08-06 14:46:43,481 [INFO] 📊 SOL=$74.11 | 挂单: 7个 | 持仓: $74.65 USDT
2026-08-06 14:47:08,445 [INFO] 📊 SOL=$74.08 | 挂单: 7个 | 持仓: $74.65 USDT
2026-08-06 14:47:38,496 [INFO] 📊 SOL=$74.08 | 挂单: 7个 | 持仓: $74.65 USDT
2026-08-06 14:48:04,314 [INFO] 📊 SOL=$74.07 | 挂单: 7个 | 持仓: $74.65 USDT
2026-08-06 14:48:30,210 [INFO] 📊 SOL=$74.07 | 挂单: 7个 | 持仓: $74.65 USDT
2026-08-06 14:48:59,174 [INFO] 📊 SOL=$74.05 | 挂单: 7个 | 持仓: $74.65 USDT
2026-08-06 14:49:25,600 [INFO] 📊 SOL=$74.06 | 挂单: 7个 | 持仓: $74.65 USDT
2026-08-06 14:49:51,488 [INFO] 📊 SOL=$74.06 | 挂单: 7个 | 持仓: $74.65 USDT
2026-08-06 14:50:16,958 [INFO] 📊 SOL=$74.06 | 挂单: 7个 | 持仓: $74.65 USDT
2026-08-06 14:50:44,306 [INFO] 📊 SOL=$74.06 | 挂单: 7个 | 持仓: $74.65 USDT
2026-08-06 14:51:10,308 [INFO] 📊 SOL=$74.05 | 挂单: 7个 | 持仓: $74.65 USDT
2026-08-06 14:51:35,323 [INFO] 📊 SOL=$74.03 | 挂单: 7个 | 持仓: $74.65 USDT
2026-08-06 14:52:01,291 [INFO] 📊 SOL=$74.04 | 挂单: 7个 | 持仓: $74.65 USDT
2026-08-06 14:52:27,348 [INFO] 📊 SOL=$74.03 | 挂单: 7个 | 持仓: $74.65 USDT
2026-08-06 14:52:55,604 [INFO] 📊 SOL=$74.03 | 挂单: 7个 | 持仓: $74.65 USDT
2026-08-06 14:53:22,439 [INFO] 📊 SOL=$74.06 | 挂单: 7个 | 持仓: $74.65 USDT
2026-08-06 14:53:48,470 [INFO] 📊 SOL=$74.05 | 挂单: 7个 | 持仓: $74.65 USDT
2026-08-06 14:54:15,494 [INFO] 📊 SOL=$74.06 | 挂单: 7个 | 持仓: $74.65 USDT
2026-08-06 14:54:40,920 [INFO] 📊 SOL=$74.06 | 挂单: 7个 | 持仓: $74.65 USDT
2026-08-06 14:55:05,828 [INFO] 📊 SOL=$74.06 | 挂单: 7个 | 持仓: $74.65 USDT
2026-08-06 14:55:32,824 [INFO] 📊 SOL=$74.05 | 挂单: 7个 | 持仓: $74.65 USDT
2026-08-06 14:55:58,259 [INFO] 📊 SOL=$74.05 | 挂单: 7个 | 持仓: $74.65 USDT
2026-08-06 14:56:23,276 [INFO] 📊 SOL=$74.05 | 挂单: 7个 | 持仓: $74.65 USDT
2026-08-06 14:56:49,115 [INFO] 📊 SOL=$74.05 | 挂单: 7个 | 持仓: $74.65 USDT
2026-08-06 14:57:16,039 [INFO] 📊 SOL=$74.05 | 挂单: 7个 | 持仓: $74.65 USDT
2026-08-06 14:57:41,694 [INFO] 📊 SOL=$74.04 | 挂单: 7个 | 持仓: $74.65 USDT
2026-08-06 14:58:08,039 [INFO] 📊 SOL=$74.02 | 挂单: 7个 | 持仓: $74.65 USDT
2026-08-06 14:58:34,724 [INFO] 📊 SOL=$74.03 | 挂单: 7个 | 持仓: $74.65 USDT
2026-08-06 14:59:00,380 [INFO] 📊 SOL=$74.04 | 挂单: 7个 | 持仓: $74.65 USDT
2026-08-06 14:59:26,692 [INFO] 📊 SOL=$74.04 | 挂单: 7个 | 持仓: $74.65 USDT
2026-08-06 14:59:53,140 [INFO] 📊 SOL=$74.04 | 挂单: 7个 | 持仓: $74.65 USDT
2026-08-06 15:00:20,216 [INFO] 📊 SOL=$74.03 | 挂单: 7个 | 持仓: $74.65 USDT
2026-08-06 15:00:46,931 [INFO] 📊 SOL=$74.02 | 挂单: 7个 | 持仓: $74.65 USDT
2026-08-06 15:01:12,063 [INFO] 📊 SOL=$74.03 | 挂单: 7个 | 持仓: $74.65 USDT
2026-08-06 15:01:38,514 [INFO] 📊 SOL=$74.00 | 挂单: 7个 | 持仓: $74.65 USDT
2026-08-06 15:02:04,955 [INFO] 📊 SOL=$74.01 | 挂单: 7个 | 持仓: $74.65 USDT
2026-08-06 15:02:32,511 [INFO] 📊 SOL=$74.01 | 挂单: 7个 | 持仓: $74.65 USDT
2026-08-06 15:02:59,468 [INFO] 📊 SOL=$74.02 | 挂单: 7个 | 持仓: $74.65 USDT
2026-08-06 15:03:27,559 [INFO] 📊 SOL=$74.02 | 挂单: 7个 | 持仓: $74.65 USDT
2026-08-06 15:03:50,652 [WARNING] ⚠️ 尝试 1/3 失败: <urlopen error EOF occurred in violation of protocol (_ssl.c:1129)>
2026-08-06 15:03:58,342 [INFO] 📊 SOL=$74.01 | 挂单: 7个 | 持仓: $74.65 USDT
2026-08-06 15:04:25,383 [INFO] 📊 SOL=$74.00 | 挂单: 7个 | 持仓: $74.65 USDT
2026-08-06 15:04:54,586 [INFO] 📊 SOL=$74.00 | 挂单: 7个 | 持仓: $74.65 USDT
2026-08-06 15:05:21,188 [INFO] 📊 SOL=$74.01 | 挂单: 7个 | 持仓: $74.65 USDT
2026-08-06 15:05:47,974 [INFO] 📊 SOL=$74.02 | 挂单: 7个 | 持仓: $74.65 USDT
2026-08-06 15:06:13,347 [INFO] 📊 SOL=$74.02 | 挂单: 7个 | 持仓: $74.65 USDT
2026-08-06 15:06:39,115 [INFO] 📊 SOL=$74.03 | 挂单: 7个 | 持仓: $74.65 USDT
2026-08-06 15:07:05,293 [INFO] 📊 SOL=$74.06 | 挂单: 7个 | 持仓: $74.65 USDT
2026-08-06 15:07:32,671 [INFO] 📊 SOL=$74.02 | 挂单: 7个 | 持仓: $74.65 USDT
2026-08-06 15:07:59,021 [INFO] 📊 SOL=$74.01 | 挂单: 7个 | 持仓: $74.65 USDT
2026-08-06 15:08:25,849 [INFO] 📊 SOL=$74.00 | 挂单: 7个 | 持仓: $74.65 USDT
2026-08-06 15:08:52,651 [INFO] 📊 SOL=$74.01 | 挂单: 7个 | 持仓: $74.65 USDT
2026-08-06 15:09:18,965 [INFO] 📊 SOL=$74.01 | 挂单: 7个 | 持仓: $74.65 USDT
2026-08-06 15:09:45,417 [INFO] 📊 SOL=$74.02 | 挂单: 7个 | 持仓: $74.65 USDT
2026-08-06 15:10:10,996 [INFO] 📊 SOL=$74.02 | 挂单: 7个 | 持仓: $74.65 USDT
2026-08-06 15:10:38,127 [INFO] 📊 SOL=$74.03 | 挂单: 7个 | 持仓: $74.65 USDT
2026-08-06 15:11:06,549 [INFO] 📊 SOL=$74.03 | 挂单: 7个 | 持仓: $74.65 USDT
2026-08-06 15:11:32,993 [INFO] 📊 SOL=$74.05 | 挂单: 7个 | 持仓: $74.65 USDT
2026-08-06 15:11:58,381 [INFO] 📊 SOL=$74.06 | 挂单: 7个 | 持仓: $74.65 USDT
2026-08-06 15:12:26,677 [INFO] 📊 SOL=$74.05 | 挂单: 7个 | 持仓: $74.65 USDT
2026-08-06 15:12:54,564 [INFO] 📊 SOL=$74.05 | 挂单: 7个 | 持仓: $74.65 USDT
2026-08-06 15:13:22,702 [INFO] 📊 SOL=$74.05 | 挂单: 7个 | 持仓: $74.65 USDT
2026-08-06 15:13:47,790 [INFO] 📊 SOL=$74.05 | 挂单: 7个 | 持仓: $74.65 USDT
2026-08-06 15:14:13,613 [INFO] 📊 SOL=$74.05 | 挂单: 7个 | 持仓: $74.65 USDT
2026-08-06 15:14:41,876 [INFO] 📊 SOL=$74.06 | 挂单: 7个 | 持仓: $74.65 USDT
2026-08-06 15:15:08,956 [INFO] 📊 SOL=$74.09 | 挂单: 7个 | 持仓: $74.65 USDT
2026-08-06 15:15:33,797 [INFO] 📊 SOL=$74.07 | 挂单: 7个 | 持仓: $74.65 USDT
2026-08-06 15:15:58,216 [INFO] 📊 SOL=$74.07 | 挂单: 7个 | 持仓: $74.65 USDT
2026-08-06 15:16:23,931 [INFO] 📊 SOL=$74.09 | 挂单: 7个 | 持仓: $74.65 USDT
2026-08-06 15:16:49,744 [INFO] 📊 SOL=$74.08 | 挂单: 7个 | 持仓: $74.65 USDT
2026-08-06 15:17:15,125 [INFO] 📊 SOL=$74.06 | 挂单: 7个 | 持仓: $74.65 USDT
2026-08-06 15:17:41,376 [INFO] 📊 SOL=$74.06 | 挂单: 7个 | 持仓: $74.65 USDT
2026-08-06 15:18:05,557 [INFO] 📊 SOL=$74.04 | 挂单: 7个 | 持仓: $74.65 USDT
2026-08-06 15:18:29,940 [INFO] 📊 SOL=$74.04 | 挂单: 7个 | 持仓: $74.65 USDT
2026-08-06 15:18:55,179 [INFO] 📊 SOL=$74.05 | 挂单: 7个 | 持仓: $74.65 USDT
2026-08-06 15:19:20,392 [INFO] 📊 SOL=$74.05 | 挂单: 7个 | 持仓: $74.65 USDT
2026-08-06 15:19:45,577 [INFO] 📊 SOL=$74.05 | 挂单: 7个 | 持仓: $74.65 USDT
2026-08-06 15:20:10,222 [INFO] 📊 SOL=$74.05 | 挂单: 7个 | 持仓: $74.65 USDT
2026-08-06 15:20:36,192 [INFO] 📊 SOL=$74.05 | 挂单: 7个 | 持仓: $74.65 USDT
2026-08-06 15:21:01,239 [INFO] 📊 SOL=$74.05 | 挂单: 7个 | 持仓: $74.65 USDT
2026-08-06 15:21:28,000 [INFO] 📊 SOL=$74.07 | 挂单: 7个 | 持仓: $74.65 USDT
2026-08-06 15:21:54,158 [INFO] 📊 SOL=$74.08 | 挂单: 7个 | 持仓: $74.65 USDT
2026-08-06 15:22:21,282 [INFO] 📊 SOL=$74.08 | 挂单: 7个 | 持仓: $74.65 USDT
2026-08-06 15:22:47,313 [INFO] 📊 SOL=$74.07 | 挂单: 7个 | 持仓: $74.65 USDT
2026-08-06 15:23:18,461 [INFO] 📊 SOL=$74.08 | 挂单: 7个 | 持仓: $74.65 USDT
2026-08-06 15:23:46,300 [INFO] 📊 SOL=$74.11 | 挂单: 7个 | 持仓: $74.65 USDT
2026-08-06 15:24:12,532 [INFO] 📊 SOL=$74.09 | 挂单: 7个 | 持仓: $74.65 USDT
2026-08-06 15:24:37,436 [INFO] 📊 SOL=$74.10 | 挂单: 7个 | 持仓: $74.65 USDT
2026-08-06 15:25:04,299 [INFO] 📊 SOL=$74.12 | 挂单: 7个 | 持仓: $74.65 USDT
2026-08-06 15:25:31,088 [INFO] 📊 SOL=$74.08 | 挂单: 7个 | 持仓: $74.65 USDT
2026-08-06 15:25:57,707 [INFO] 📊 SOL=$74.09 | 挂单: 7个 | 持仓: $74.65 USDT
2026-08-06 15:26:24,113 [INFO] 📊 SOL=$74.08 | 挂单: 7个 | 持仓: $74.65 USDT
2026-08-06 15:26:51,626 [INFO] 📊 SOL=$74.08 | 挂单: 7个 | 持仓: $74.65 USDT
2026-08-06 15:27:16,853 [INFO] 📊 SOL=$74.08 | 挂单: 7个 | 持仓: $74.65 USDT
2026-08-06 15:27:41,658 [INFO] 📊 SOL=$74.10 | 挂单: 7个 | 持仓: $74.65 USDT
2026-08-06 15:28:06,896 [INFO] 📊 SOL=$74.11 | 挂单: 7个 | 持仓: $74.65 USDT
2026-08-06 15:28:31,698 [INFO] 📊 SOL=$74.10 | 挂单: 7个 | 持仓: $74.65 USDT
2026-08-06 15:28:57,789 [INFO] 📊 SOL=$74.10 | 挂单: 7个 | 持仓: $74.65 USDT
2026-08-06 15:29:23,274 [INFO] 📊 SOL=$74.07 | 挂单: 7个 | 持仓: $74.65 USDT
2026-08-06 15:29:51,527 [INFO] 📊 SOL=$74.07 | 挂单: 7个 | 持仓: $74.65 USDT
2026-08-06 15:30:18,903 [INFO] 📊 SOL=$74.07 | 挂单: 7个 | 持仓: $74.65 USDT
2026-08-06 15:30:47,101 [INFO] 📊 SOL=$74.08 | 挂单: 7个 | 持仓: $74.65 USDT
2026-08-06 15:31:14,432 [INFO] 📊 SOL=$74.07 | 挂单: 7个 | 持仓: $74.65 USDT
2026-08-06 15:31:40,500 [INFO] 📊 SOL=$74.07 | 挂单: 7个 | 持仓: $74.65 USDT
2026-08-06 15:32:05,651 [INFO] 📊 SOL=$74.07 | 挂单: 7个 | 持仓: $74.65 USDT
2026-08-06 15:32:31,239 [INFO] 📊 SOL=$74.04 | 挂单: 7个 | 持仓: $74.65 USDT
2026-08-06 15:32:56,331 [INFO] 📊 SOL=$74.05 | 挂单: 7个 | 持仓: $74.65 USDT
2026-08-06 15:33:20,591 [INFO] 📊 SOL=$74.03 | 挂单: 7个 | 持仓: $74.65 USDT
2026-08-06 15:33:46,006 [INFO] 📊 SOL=$74.04 | 挂单: 7个 | 持仓: $74.65 USDT
2026-08-06 15:34:14,418 [INFO] 📊 SOL=$74.05 | 挂单: 7个 | 持仓: $74.65 USDT
2026-08-06 15:34:38,984 [INFO] 📊 SOL=$74.05 | 挂单: 7个 | 持仓: $74.65 USDT
2026-08-06 15:35:09,841 [INFO] 📊 SOL=$74.06 | 挂单: 7个 | 持仓: $74.65 USDT
2026-08-06 15:35:35,452 [INFO] 📊 SOL=$74.07 | 挂单: 7个 | 持仓: $74.65 USDT
2026-08-06 15:36:02,557 [INFO] 📊 SOL=$74.08 | 挂单: 7个 | 持仓: $74.65 USDT
2026-08-06 15:36:29,818 [INFO] 📊 SOL=$74.06 | 挂单: 7个 | 持仓: $74.65 USDT
2026-08-06 15:36:55,082 [INFO] 📊 SOL=$74.06 | 挂单: 7个 | 持仓: $74.65 USDT
2026-08-06 15:37:20,837 [INFO] 📊 SOL=$74.06 | 挂单: 7个 | 持仓: $74.65 USDT
2026-08-06 15:37:46,571 [INFO] 📊 SOL=$74.06 | 挂单: 7个 | 持仓: $74.65 USDT
2026-08-06 15:38:13,336 [INFO] 📊 SOL=$74.02 | 挂单: 7个 | 持仓: $74.65 USDT
2026-08-06 15:38:38,962 [INFO] 📊 SOL=$74.01 | 挂单: 7个 | 持仓: $74.65 USDT
2026-08-06 15:39:05,544 [INFO] 📊 SOL=$74.00 | 挂单: 7个 | 持仓: $74.65 USDT
2026-08-06 15:39:33,788 [INFO] 📊 SOL=$74.00 | 挂单: 7个 | 持仓: $74.65 USDT
2026-08-06 15:40:00,225 [INFO] 📊 SOL=$74.00 | 挂单: 7个 | 持仓: $74.65 USDT
2026-08-06 15:40:26,472 [INFO] 📊 SOL=$73.98 | 挂单: 7个 | 持仓: $74.65 USDT
2026-08-06 15:40:46,854 [WARNING] ⚠️ 尝试 1/3 失败: <urlopen error EOF occurred in violation of protocol (_ssl.c:1129)>
2026-08-06 15:40:54,038 [INFO] 📊 SOL=$73.97 | 挂单: 7个 | 持仓: $74.65 USDT
2026-08-06 15:41:20,107 [INFO] 📊 SOL=$73.98 | 挂单: 7个 | 持仓: $74.65 USDT
2026-08-06 15:41:45,196 [INFO] 📊 SOL=$73.97 | 挂单: 7个 | 持仓: $74.65 USDT
2026-08-06 15:42:11,054 [INFO] 📊 SOL=$73.95 | 挂单: 7个 | 持仓: $74.65 USDT
2026-08-06 15:42:38,745 [INFO] 📊 SOL=$73.93 | 挂单: 7个 | 持仓: $74.65 USDT
2026-08-06 15:43:04,193 [INFO] 📊 SOL=$73.95 | 挂单: 7个 | 持仓: $74.65 USDT
2026-08-06 15:43:30,459 [INFO] 📊 SOL=$73.92 | 挂单: 7个 | 持仓: $74.65 USDT
2026-08-06 15:43:58,326 [INFO] 📊 SOL=$73.93 | 挂单: 7个 | 持仓: $74.65 USDT
2026-08-06 15:44:24,099 [INFO] 📊 SOL=$73.91 | 挂单: 7个 | 持仓: $74.65 USDT
2026-08-06 15:44:51,400 [INFO] 📊 SOL=$73.92 | 挂单: 7个 | 持仓: $74.65 USDT
2026-08-06 15:45:16,560 [INFO] 📊 SOL=$73.93 | 挂单: 7个 | 持仓: $74.65 USDT
2026-08-06 15:45:44,167 [INFO] 📊 SOL=$73.93 | 挂单: 7个 | 持仓: $74.65 USDT
2026-08-06 15:46:10,383 [INFO] 📊 SOL=$73.93 | 挂单: 7个 | 持仓: $74.65 USDT
2026-08-06 15:46:36,736 [INFO] 📊 SOL=$73.93 | 挂单: 7个 | 持仓: $74.65 USDT
2026-08-06 15:47:03,052 [INFO] 📊 SOL=$73.94 | 挂单: 7个 | 持仓: $74.65 USDT
2026-08-06 15:47:28,188 [INFO] 📊 SOL=$73.94 | 挂单: 7个 | 持仓: $74.65 USDT
2026-08-06 15:47:54,580 [INFO] 📊 SOL=$73.93 | 挂单: 7个 | 持仓: $74.65 USDT
2026-08-06 15:48:23,541 [INFO] 📊 SOL=$73.94 | 挂单: 7个 | 持仓: $74.65 USDT
2026-08-06 15:48:49,552 [INFO] 📊 SOL=$73.95 | 挂单: 7个 | 持仓: $74.65 USDT
2026-08-06 15:49:14,632 [INFO] 📊 SOL=$73.95 | 挂单: 7个 | 持仓: $74.65 USDT
2026-08-06 15:49:41,402 [INFO] 📊 SOL=$73.95 | 挂单: 7个 | 持仓: $74.65 USDT
2026-08-06 15:50:09,095 [INFO] 📊 SOL=$73.93 | 挂单: 7个 | 持仓: $74.65 USDT
2026-08-06 15:50:35,580 [INFO] 📊 SOL=$73.93 | 挂单: 7个 | 持仓: $74.65 USDT
2026-08-06 15:51:01,411 [INFO] 📊 SOL=$73.93 | 挂单: 7个 | 持仓: $74.65 USDT
2026-08-06 15:51:29,674 [INFO] 📊 SOL=$73.91 | 挂单: 7个 | 持仓: $74.65 USDT
2026-08-06 15:51:56,213 [INFO] 📊 SOL=$73.92 | 挂单: 7个 | 持仓: $74.65 USDT
2026-08-06 15:52:24,041 [INFO] 📊 SOL=$73.90 | 挂单: 7个 | 持仓: $74.65 USDT
2026-08-06 15:52:50,955 [INFO] 📊 SOL=$73.89 | 挂单: 7个 | 持仓: $74.65 USDT
2026-08-06 15:53:15,247 [INFO] 📊 SOL=$73.88 | 挂单: 7个 | 持仓: $74.65 USDT
2026-08-06 15:53:41,695 [INFO] 📊 SOL=$73.90 | 挂单: 7个 | 持仓: $74.65 USDT
2026-08-06 15:54:08,305 [INFO] 📊 SOL=$73.89 | 挂单: 7个 | 持仓: $74.65 USDT
2026-08-06 15:54:36,213 [INFO] 📊 SOL=$73.90 | 挂单: 7个 | 持仓: $74.65 USDT
2026-08-06 15:55:01,750 [INFO] 📊 SOL=$73.89 | 挂单: 7个 | 持仓: $74.65 USDT
2026-08-06 15:55:28,764 [INFO] 📊 SOL=$73.92 | 挂单: 7个 | 持仓: $74.65 USDT
2026-08-06 15:55:55,383 [INFO] 📊 SOL=$73.91 | 挂单: 7个 | 持仓: $74.65 USDT
2026-08-06 15:56:22,887 [INFO] 📊 SOL=$73.94 | 挂单: 7个 | 持仓: $74.65 USDT
2026-08-06 15:56:49,095 [INFO] 📊 SOL=$73.93 | 挂单: 7个 | 持仓: $74.65 USDT
2026-08-06 15:57:16,807 [INFO] 📊 SOL=$73.92 | 挂单: 7个 | 持仓: $74.65 USDT
2026-08-06 15:57:44,669 [INFO] 📊 SOL=$73.90 | 挂单: 7个 | 持仓: $74.65 USDT
2026-08-06 15:58:10,490 [INFO] 📊 SOL=$73.89 | 挂单: 7个 | 持仓: $74.65 USDT
2026-08-06 15:58:36,158 [INFO] 📊 SOL=$73.88 | 挂单: 7个 | 持仓: $74.65 USDT
2026-08-06 15:59:02,355 [INFO] 📊 SOL=$73.87 | 挂单: 7个 | 持仓: $74.65 USDT
2026-08-06 15:59:31,316 [INFO] 📊 SOL=$73.88 | 挂单: 7个 | 持仓: $74.65 USDT
2026-08-06 15:59:58,451 [INFO] 📊 SOL=$73.88 | 挂单: 7个 | 持仓: $74.65 USDT
2026-08-06 16:00:24,553 [INFO] 📊 SOL=$73.90 | 挂单: 7个 | 持仓: $74.65 USDT
2026-08-06 16:00:50,683 [INFO] 📊 SOL=$73.89 | 挂单: 7个 | 持仓: $74.65 USDT
2026-08-06 16:01:15,373 [INFO] 📊 SOL=$73.90 | 挂单: 7个 | 持仓: $74.65 USDT
2026-08-06 16:01:41,344 [INFO] 📊 SOL=$73.89 | 挂单: 7个 | 持仓: $74.65 USDT
2026-08-06 16:02:06,561 [INFO] 📊 SOL=$73.87 | 挂单: 7个 | 持仓: $74.65 USDT
2026-08-06 16:02:31,795 [INFO] 📊 SOL=$73.86 | 挂单: 7个 | 持仓: $74.65 USDT
2026-08-06 16:02:58,019 [INFO] 📊 SOL=$73.86 | 挂单: 7个 | 持仓: $74.65 USDT
2026-08-06 16:03:23,612 [INFO] 📊 SOL=$73.90 | 挂单: 7个 | 持仓: $74.65 USDT
2026-08-06 16:03:48,137 [INFO] 📊 SOL=$73.89 | 挂单: 7个 | 持仓: $74.65 USDT
2026-08-06 16:04:13,363 [INFO] 📊 SOL=$73.82 | 挂单: 7个 | 持仓: $74.65 USDT
2026-08-06 16:04:40,012 [INFO] 📊 SOL=$73.85 | 挂单: 7个 | 持仓: $74.65 USDT
2026-08-06 16:05:06,100 [INFO] 📊 SOL=$73.87 | 挂单: 7个 | 持仓: $74.65 USDT
2026-08-06 16:05:32,742 [INFO] 📊 SOL=$73.85 | 挂单: 7个 | 持仓: $74.65 USDT
2026-08-06 16:06:00,063 [INFO] 📊 SOL=$73.86 | 挂单: 7个 | 持仓: $74.65 USDT
2026-08-06 16:06:25,760 [INFO] 📊 SOL=$73.86 | 挂单: 7个 | 持仓: $74.65 USDT
2026-08-06 16:06:52,703 [INFO] 📊 SOL=$73.86 | 挂单: 7个 | 持仓: $74.65 USDT
2026-08-06 16:07:18,466 [INFO] 📊 SOL=$73.87 | 挂单: 7个 | 持仓: $74.65 USDT
2026-08-06 16:07:45,198 [INFO] 📊 SOL=$73.86 | 挂单: 7个 | 持仓: $74.65 USDT
2026-08-06 16:08:11,207 [INFO] 📊 SOL=$73.84 | 挂单: 7个 | 持仓: $74.65 USDT
2026-08-06 16:08:36,677 [INFO] 📊 SOL=$73.87 | 挂单: 7个 | 持仓: $74.65 USDT
2026-08-06 16:09:02,942 [INFO] 📊 SOL=$73.87 | 挂单: 7个 | 持仓: $74.65 USDT
2026-08-06 16:09:28,459 [INFO] 📊 SOL=$73.84 | 挂单: 7个 | 持仓: $74.65 USDT
2026-08-06 16:09:55,678 [INFO] 📊 SOL=$73.81 | 挂单: 7个 | 持仓: $74.65 USDT
2026-08-06 16:10:22,410 [INFO] 📊 SOL=$73.82 | 挂单: 7个 | 持仓: $74.65 USDT
2026-08-06 16:10:48,484 [INFO] 📊 SOL=$73.81 | 挂单: 7个 | 持仓: $74.65 USDT
2026-08-06 16:11:17,678 [INFO] 📊 SOL=$73.82 | 挂单: 7个 | 持仓: $74.65 USDT
2026-08-06 16:11:43,587 [INFO] 📊 SOL=$73.81 | 挂单: 7个 | 持仓: $74.65 USDT
2026-08-06 16:12:09,811 [INFO] 📊 SOL=$73.82 | 挂单: 7个 | 持仓: $74.65 USDT
2026-08-06 16:12:35,773 [INFO] 📊 SOL=$73.81 | 挂单: 7个 | 持仓: $74.65 USDT
2026-08-06 16:13:01,423 [INFO] 📊 SOL=$73.80 | 挂单: 7个 | 持仓: $74.65 USDT
2026-08-06 16:13:27,960 [INFO] 📊 SOL=$73.77 | 挂单: 7个 | 持仓: $74.65 USDT
2026-08-06 16:13:54,490 [INFO] 📊 SOL=$73.78 | 挂单: 7个 | 持仓: $74.65 USDT
2026-08-06 16:14:20,941 [INFO] 📊 SOL=$73.78 | 挂单: 7个 | 持仓: $74.65 USDT
2026-08-06 16:14:49,491 [INFO] 📊 SOL=$73.79 | 挂单: 7个 | 持仓: $74.65 USDT
2026-08-06 16:15:15,766 [INFO] 📊 SOL=$73.77 | 挂单: 7个 | 持仓: $74.65 USDT
2026-08-06 16:15:40,971 [INFO] 📊 SOL=$73.74 | 挂单: 7个 | 持仓: $74.65 USDT
2026-08-06 16:16:07,527 [INFO] 📊 SOL=$73.75 | 挂单: 7个 | 持仓: $74.65 USDT
2026-08-06 16:16:33,136 [INFO] 📊 SOL=$73.75 | 挂单: 7个 | 持仓: $74.65 USDT
2026-08-06 16:16:59,939 [INFO] 📊 SOL=$73.76 | 挂单: 7个 | 持仓: $74.65 USDT
2026-08-06 16:17:25,441 [INFO] 📊 SOL=$73.75 | 挂单: 7个 | 持仓: $74.65 USDT
2026-08-06 16:17:51,369 [INFO] 📊 SOL=$73.74 | 挂单: 7个 | 持仓: $74.65 USDT
2026-08-06 16:18:16,223 [INFO] 📊 SOL=$73.74 | 挂单: 7个 | 持仓: $74.65 USDT
2026-08-06 16:18:41,590 [INFO] 📊 SOL=$73.73 | 挂单: 7个 | 持仓: $74.65 USDT
2026-08-06 16:19:08,827 [INFO] 📊 SOL=$73.72 | 挂单: 7个 | 持仓: $74.65 USDT
2026-08-06 16:19:43,506 [INFO] ==================================================
2026-08-06 16:19:43,521 [INFO] 🚀 SOL网格交易机器人启动
2026-08-06 16:19:43,523 [INFO] 📊 网格范围: $70.0 - $85.0 (7层)
2026-08-06 16:19:43,523 [INFO] 💵 每层: 15.0 USDT = 0.2143 SOL
2026-08-06 16:19:43,525 [INFO] ==================================================
2026-08-06 16:19:48,301 [INFO] 🔄 重建网格...
2026-08-06 16:19:57,354 [INFO] ✅ 撤销 7 个旧单
2026-08-06 16:19:58,525 [INFO] 📊 SOL当前价: $73.73
2026-08-06 16:19:59,354 [INFO]   ✅ 挂买单 @ $70.00
2026-08-06 16:20:00,261 [INFO]   ✅ 挂买单 @ $72.50
2026-08-06 16:20:01,299 [INFO]   ✅ 挂卖单 @ $75.00
2026-08-06 16:20:02,210 [INFO]   ✅ 挂卖单 @ $77.50
2026-08-06 16:20:03,239 [INFO]   ✅ 挂卖单 @ $80.00
2026-08-06 16:20:04,367 [INFO]   ✅ 挂卖单 @ $82.50
2026-08-06 16:20:05,503 [WARNING]   ❌ 卖单失败 @ $85.00: All operations failed
2026-08-06 16:20:05,503 [INFO] 📈 网格完成: 2买单 + 4卖单
2026-08-06 16:20:05,503 [INFO] ⏳ 网格就绪 (6个挂单)，等待成交...
2026-08-06 16:20:29,815 [INFO] 💹 🔴 卖出 SOL 成交! @ $74.50 x 0.2000 SOL (≈$14.90) | 手续费 0.0119 USDT
2026-08-06 16:20:31,505 [INFO] 🔄 重建网格...
2026-08-06 16:20:40,319 [INFO] ✅ 撤销 6 个旧单
2026-08-06 16:20:41,006 [INFO] 📊 SOL当前价: $73.73
2026-08-06 16:20:41,661 [INFO]   ✅ 挂买单 @ $70.00
2026-08-06 16:20:42,303 [INFO]   ✅ 挂买单 @ $72.50
2026-08-06 16:20:55,619 [INFO] ==================================================
2026-08-06 16:20:55,669 [INFO] 🚀 SOL网格交易机器人启动
2026-08-06 16:20:55,670 [INFO] 📊 网格范围: $70.0 - $85.0 (7层)
2026-08-06 16:20:55,670 [INFO] 💵 每层: 15.0 USDT = 0.2143 SOL
2026-08-06 16:20:55,670 [INFO] ==================================================
2026-08-06 16:21:01,855 [INFO] 🔄 重建网格...
2026-08-06 16:21:05,565 [INFO] ✅ 撤销 2 个旧单
2026-08-06 16:21:06,369 [INFO] 📊 SOL当前价: $73.74
2026-08-06 16:21:07,041 [INFO] 📦 SOL 可用: 0.8556
2026-08-06 16:21:07,819 [INFO]   ✅ 挂买单 @ $70.00
2026-08-06 16:21:08,470 [INFO]   ✅ 挂买单 @ $72.50
2026-08-06 16:21:09,332 [INFO]   ✅ 挂卖单 @ $75.00
2026-08-06 16:21:10,035 [INFO]   ✅ 挂卖单 @ $77.50
2026-08-06 16:21:10,807 [INFO]   ✅ 挂卖单 @ $80.00
2026-08-06 16:21:10,850 [WARNING]   ⏭️ 跳过卖单 @ $82.50: 可用SOL不足 (0.8556)
2026-08-06 16:21:10,850 [WARNING]   ⏭️ 跳过卖单 @ $85.00: 可用SOL不足 (0.8556)
2026-08-06 16:21:10,850 [INFO] 📈 网格完成: 2买单 + 3卖单
2026-08-06 16:21:10,850 [INFO] ⏳ 网格就绪 (5个挂单)，等待成交...
2026-08-06 16:21:34,659 [INFO] 🔄 重建网格...
2026-08-06 16:21:41,202 [INFO] ✅ 撤销 5 个旧单
2026-08-06 16:21:41,887 [INFO] 📊 SOL当前价: $73.75
2026-08-06 16:21:42,523 [INFO] 📦 SOL 可用: 0.8556
2026-08-06 16:21:43,184 [INFO]   ✅ 挂买单 @ $70.00
2026-08-06 16:21:43,874 [INFO]   ✅ 挂买单 @ $72.50
2026-08-06 16:21:45,314 [INFO]   ✅ 挂卖单 @ $75.00
2026-08-06 16:21:45,976 [INFO]   ✅ 挂卖单 @ $77.50
2026-08-06 16:21:46,811 [INFO]   ✅ 挂卖单 @ $80.00
2026-08-06 16:21:46,841 [WARNING]   ⏭️ 跳过卖单 @ $82.50: 可用SOL不足 (0.8556)
2026-08-06 16:21:46,841 [WARNING]   ⏭️ 跳过卖单 @ $85.00: 可用SOL不足 (0.8556)
2026-08-06 16:21:46,841 [INFO] 📈 网格完成: 2买单 + 3卖单
2026-08-06 16:21:46,841 [INFO] ⏳ 网格就绪 (5个挂单)，等待成交...
2026-08-06 16:22:11,927 [INFO] 🔄 重建网格...
2026-08-06 16:22:18,282 [INFO] ✅ 撤销 5 个旧单
2026-08-06 16:22:19,148 [INFO] 📊 SOL当前价: $73.75
2026-08-06 16:22:20,116 [INFO] 📦 SOL 可用: 0.8556
2026-08-06 16:22:20,771 [INFO]   ✅ 挂买单 @ $70.00
2026-08-06 16:22:21,430 [INFO]   ✅ 挂买单 @ $72.50
2026-08-06 16:22:22,117 [INFO]   ✅ 挂卖单 @ $75.00
2026-08-06 16:22:23,022 [INFO]   ✅ 挂卖单 @ $77.50
2026-08-06 16:22:23,643 [INFO]   ✅ 挂卖单 @ $80.00
2026-08-06 16:22:23,681 [WARNING]   ⏭️ 跳过卖单 @ $82.50: 可用SOL不足 (0.8556)
2026-08-06 16:22:23,681 [WARNING]   ⏭️ 跳过卖单 @ $85.00: 可用SOL不足 (0.8556)
2026-08-06 16:22:23,681 [INFO] 📈 网格完成: 2买单 + 3卖单
2026-08-06 16:22:23,682 [INFO] ⏳ 网格就绪 (5个挂单)，等待成交...
2026-08-06 16:22:50,394 [INFO] 🔄 重建网格...
2026-08-06 16:22:58,190 [INFO] ✅ 撤销 5 个旧单
2026-08-06 16:22:59,256 [INFO] 📊 SOL当前价: $73.78
2026-08-06 16:23:00,201 [INFO] 📦 SOL 可用: 0.8556
2026-08-06 16:23:01,638 [INFO]   ✅ 挂买单 @ $70.00
2026-08-06 16:23:02,513 [INFO]   ✅ 挂买单 @ $72.50
2026-08-06 16:23:03,662 [INFO]   ✅ 挂卖单 @ $75.00
2026-08-06 16:23:04,696 [INFO]   ✅ 挂卖单 @ $77.50
2026-08-06 16:23:05,536 [INFO]   ✅ 挂卖单 @ $80.00
2026-08-06 16:23:05,536 [WARNING]   ⏭️ 跳过卖单 @ $82.50: 可用SOL不足 (0.8556)
2026-08-06 16:23:05,536 [WARNING]   ⏭️ 跳过卖单 @ $85.00: 可用SOL不足 (0.8556)
2026-08-06 16:23:05,537 [INFO] 📈 网格完成: 2买单 + 3卖单
2026-08-06 16:23:05,537 [INFO] ⏳ 网格就绪 (5个挂单)，等待成交...
2026-08-06 16:23:31,467 [INFO] 🔄 重建网格...
2026-08-06 16:23:41,437 [INFO] ✅ 撤销 5 个旧单
2026-08-06 16:23:42,706 [INFO] 📊 SOL当前价: $73.74
2026-08-06 16:23:43,365 [INFO] 📦 SOL 可用: 0.8556
2026-08-06 16:23:44,047 [INFO]   ✅ 挂买单 @ $70.00
2026-08-06 16:23:45,087 [INFO]   ✅ 挂买单 @ $72.50
2026-08-06 16:23:45,752 [INFO]   ✅ 挂卖单 @ $75.00
2026-08-06 16:23:46,395 [INFO]   ✅ 挂卖单 @ $77.50
2026-08-06 16:23:47,005 [INFO]   ✅ 挂卖单 @ $80.00
2026-08-06 16:23:47,048 [WARNING]   ⏭️ 跳过卖单 @ $82.50: 可用SOL不足 (0.8556)
2026-08-06 16:23:47,048 [WARNING]   ⏭️ 跳过卖单 @ $85.00: 可用SOL不足 (0.8556)
2026-08-06 16:23:47,048 [INFO] 📈 网格完成: 2买单 + 3卖单
2026-08-06 16:23:47,048 [INFO] ⏳ 网格就绪 (5个挂单)，等待成交...
2026-08-06 16:24:11,341 [INFO] 🔄 重建网格...
2026-08-06 16:24:18,561 [INFO] ✅ 撤销 5 个旧单
2026-08-06 16:24:19,799 [INFO] 📊 SOL当前价: $73.71
2026-08-06 16:24:20,468 [INFO] 📦 SOL 可用: 0.8556
2026-08-06 16:24:21,138 [INFO]   ✅ 挂买单 @ $70.00
2026-08-06 16:24:21,802 [INFO]   ✅ 挂买单 @ $72.50
2026-08-06 16:24:22,465 [INFO]   ✅ 挂卖单 @ $75.00
2026-08-06 16:24:23,127 [INFO]   ✅ 挂卖单 @ $77.50
2026-08-06 16:24:24,468 [INFO]   ✅ 挂卖单 @ $80.00
2026-08-06 16:24:24,521 [WARNING]   ⏭️ 跳过卖单 @ $82.50: 可用SOL不足 (0.8556)
2026-08-06 16:24:24,521 [WARNING]   ⏭️ 跳过卖单 @ $85.00: 可用SOL不足 (0.8556)
2026-08-06 16:24:24,521 [INFO] 📈 网格完成: 2买单 + 3卖单
2026-08-06 16:24:24,522 [INFO] ⏳ 网格就绪 (5个挂单)，等待成交...
2026-08-06 16:24:51,663 [INFO] 🔄 重建网格...
2026-08-06 16:24:57,532 [INFO] ✅ 撤销 5 个旧单
2026-08-06 16:24:58,750 [INFO] 📊 SOL当前价: $73.74
2026-08-06 16:24:59,945 [INFO] 📦 SOL 可用: 0.8556
2026-08-06 16:25:01,020 [INFO]   ✅ 挂买单 @ $70.00
2026-08-06 16:25:01,868 [INFO]   ✅ 挂买单 @ $72.50
2026-08-06 16:25:02,676 [INFO]   ✅ 挂卖单 @ $75.00
2026-08-06 16:25:03,474 [INFO]   ✅ 挂卖单 @ $77.50
2026-08-06 16:25:04,301 [INFO]   ✅ 挂卖单 @ $80.00
2026-08-06 16:25:04,355 [WARNING]   ⏭️ 跳过卖单 @ $82.50: 可用SOL不足 (0.8556)
2026-08-06 16:25:04,355 [WARNING]   ⏭️ 跳过卖单 @ $85.00: 可用SOL不足 (0.8556)
2026-08-06 16:25:04,355 [INFO] 📈 网格完成: 2买单 + 3卖单
2026-08-06 16:25:04,355 [INFO] ⏳ 网格就绪 (5个挂单)，等待成交...
2026-08-06 16:25:29,683 [INFO] 🔄 重建网格...
2026-08-06 16:25:35,921 [INFO] ✅ 撤销 5 个旧单
2026-08-06 16:25:36,691 [INFO] 📊 SOL当前价: $73.73
2026-08-06 16:25:37,420 [INFO] 📦 SOL 可用: 0.8556
2026-08-06 16:25:38,741 [INFO]   ✅ 挂买单 @ $70.00
2026-08-06 16:25:39,645 [INFO]   ✅ 挂买单 @ $72.50
2026-08-06 16:25:40,479 [INFO]   ✅ 挂卖单 @ $75.00
2026-08-06 16:25:41,266 [INFO]   ✅ 挂卖单 @ $77.50
2026-08-06 16:25:42,013 [INFO]   ✅ 挂卖单 @ $80.00
2026-08-06 16:25:42,076 [WARNING]   ⏭️ 跳过卖单 @ $82.50: 可用SOL不足 (0.8556)
2026-08-06 16:25:42,077 [WARNING]   ⏭️ 跳过卖单 @ $85.00: 可用SOL不足 (0.8556)
2026-08-06 16:25:42,077 [INFO] 📈 网格完成: 2买单 + 3卖单
2026-08-06 16:25:42,077 [INFO] ⏳ 网格就绪 (5个挂单)，等待成交...
2026-08-06 16:26:07,113 [INFO] 🔄 重建网格...
2026-08-06 16:26:15,171 [INFO] ✅ 撤销 5 个旧单
2026-08-06 16:26:16,359 [INFO] 📊 SOL当前价: $73.73
2026-08-06 16:26:17,041 [INFO] 📦 SOL 可用: 0.8556
2026-08-06 16:26:17,740 [INFO]   ✅ 挂买单 @ $70.00
2026-08-06 16:26:18,615 [INFO]   ✅ 挂买单 @ $72.50
2026-08-06 16:26:20,320 [INFO]   ✅ 挂卖单 @ $75.00
2026-08-06 16:26:21,172 [INFO]   ✅ 挂卖单 @ $77.50
2026-08-06 16:26:22,035 [INFO]   ✅ 挂卖单 @ $80.00
2026-08-06 16:26:22,037 [WARNING]   ⏭️ 跳过卖单 @ $82.50: 可用SOL不足 (0.8556)
2026-08-06 16:26:22,040 [WARNING]   ⏭️ 跳过卖单 @ $85.00: 可用SOL不足 (0.8556)
2026-08-06 16:26:22,041 [INFO] 📈 网格完成: 2买单 + 3卖单
2026-08-06 16:26:22,041 [INFO] ⏳ 网格就绪 (5个挂单)，等待成交...
2026-08-06 16:26:45,660 [INFO] 🔄 重建网格...
2026-08-06 16:26:51,225 [INFO] ✅ 撤销 5 个旧单
2026-08-06 16:26:52,069 [INFO] 📊 SOL当前价: $73.75
2026-08-06 16:26:52,903 [INFO] 📦 SOL 可用: 0.8556
2026-08-06 16:26:53,699 [INFO]   ✅ 挂买单 @ $70.00
2026-08-06 16:26:54,318 [INFO]   ✅ 挂买单 @ $72.50
2026-08-06 16:26:55,010 [INFO]   ✅ 挂卖单 @ $75.00
2026-08-06 16:26:55,674 [INFO]   ✅ 挂卖单 @ $77.50
2026-08-06 16:26:56,316 [INFO]   ✅ 挂卖单 @ $80.00
2026-08-06 16:26:56,317 [WARNING]   ⏭️ 跳过卖单 @ $82.50: 可用SOL不足 (0.8556)
2026-08-06 16:26:56,317 [WARNING]   ⏭️ 跳过卖单 @ $85.00: 可用SOL不足 (0.8556)
2026-08-06 16:26:56,317 [INFO] 📈 网格完成: 2买单 + 3卖单
2026-08-06 16:26:56,317 [INFO] ⏳ 网格就绪 (5个挂单)，等待成交...
2026-08-06 16:27:20,764 [INFO] 🔄 重建网格...
2026-08-06 16:27:27,907 [INFO] ✅ 撤销 5 个旧单
2026-08-06 16:27:29,075 [INFO] 📊 SOL当前价: $73.76
2026-08-06 16:27:30,395 [INFO] 📦 SOL 可用: 0.8556
2026-08-06 16:27:31,204 [INFO]   ✅ 挂买单 @ $70.00
2026-08-06 16:27:32,394 [INFO]   ✅ 挂买单 @ $72.50
2026-08-06 16:27:33,195 [INFO]   ✅ 挂卖单 @ $75.00
2026-08-06 16:27:34,010 [INFO]   ✅ 挂卖单 @ $77.50
2026-08-06 16:27:34,962 [INFO]   ✅ 挂卖单 @ $80.00
2026-08-06 16:27:34,962 [WARNING]   ⏭️ 跳过卖单 @ $82.50: 可用SOL不足 (0.8556)
2026-08-06 16:27:34,962 [WARNING]   ⏭️ 跳过卖单 @ $85.00: 可用SOL不足 (0.8556)
2026-08-06 16:27:34,962 [INFO] 📈 网格完成: 2买单 + 3卖单
2026-08-06 16:27:34,962 [INFO] ⏳ 网格就绪 (5个挂单)，等待成交...
2026-08-06 16:28:00,644 [INFO] 🔄 重建网格...
2026-08-06 16:28:07,210 [INFO] ✅ 撤销 5 个旧单
2026-08-06 16:28:08,353 [INFO] 📊 SOL当前价: $73.76
2026-08-06 16:28:09,411 [INFO] 📦 SOL 可用: 0.8556
2026-08-06 16:28:10,240 [INFO]   ✅ 挂买单 @ $70.00
2026-08-06 16:28:11,120 [INFO]   ✅ 挂买单 @ $72.50
2026-08-06 16:28:12,127 [INFO]   ✅ 挂卖单 @ $75.00
2026-08-06 16:28:13,005 [INFO]   ✅ 挂卖单 @ $77.50
2026-08-06 16:28:13,828 [INFO]   ✅ 挂卖单 @ $80.00
2026-08-06 16:28:13,828 [WARNING]   ⏭️ 跳过卖单 @ $82.50: 可用SOL不足 (0.8556)
2026-08-06 16:28:13,828 [WARNING]   ⏭️ 跳过卖单 @ $85.00: 可用SOL不足 (0.8556)
2026-08-06 16:28:13,829 [INFO] 📈 网格完成: 2买单 + 3卖单
2026-08-06 16:28:13,829 [INFO] ⏳ 网格就绪 (5个挂单)，等待成交...
2026-08-06 16:28:39,230 [INFO] 🔄 重建网格...
2026-08-06 16:28:47,821 [INFO] ✅ 撤销 5 个旧单
2026-08-06 16:28:48,733 [INFO] 📊 SOL当前价: $73.75
2026-08-06 16:28:50,068 [INFO] 📦 SOL 可用: 0.8556
2026-08-06 16:28:50,979 [INFO]   ✅ 挂买单 @ $70.00
2026-08-06 16:28:51,795 [INFO]   ✅ 挂买单 @ $72.50
2026-08-06 16:28:52,959 [INFO]   ✅ 挂卖单 @ $75.00
2026-08-06 16:28:53,827 [INFO]   ✅ 挂卖单 @ $77.50
2026-08-06 16:28:54,824 [INFO]   ✅ 挂卖单 @ $80.00
2026-08-06 16:28:54,825 [WARNING]   ⏭️ 跳过卖单 @ $82.50: 可用SOL不足 (0.8556)
2026-08-06 16:28:54,825 [WARNING]   ⏭️ 跳过卖单 @ $85.00: 可用SOL不足 (0.8556)
2026-08-06 16:28:54,825 [INFO] 📈 网格完成: 2买单 + 3卖单
2026-08-06 16:28:54,825 [INFO] ⏳ 网格就绪 (5个挂单)，等待成交...
2026-08-06 16:29:21,386 [INFO] 🔄 重建网格...
2026-08-06 16:29:28,194 [INFO] ✅ 撤销 5 个旧单
2026-08-06 16:29:29,033 [INFO] 📊 SOL当前价: $73.78
2026-08-06 16:29:29,951 [INFO] 📦 SOL 可用: 0.8556
2026-08-06 16:29:30,723 [INFO]   ✅ 挂买单 @ $70.00
2026-08-06 16:29:31,498 [INFO]   ✅ 挂买单 @ $72.50
2026-08-06 16:29:32,562 [INFO]   ✅ 挂卖单 @ $75.00
2026-08-06 16:29:33,446 [INFO]   ✅ 挂卖单 @ $77.50
2026-08-06 16:29:34,552 [INFO]   ✅ 挂卖单 @ $80.00
2026-08-06 16:29:34,581 [WARNING]   ⏭️ 跳过卖单 @ $82.50: 可用SOL不足 (0.8556)
2026-08-06 16:29:34,581 [WARNING]   ⏭️ 跳过卖单 @ $85.00: 可用SOL不足 (0.8556)
2026-08-06 16:29:34,581 [INFO] 📈 网格完成: 2买单 + 3卖单
2026-08-06 16:29:34,581 [INFO] ⏳ 网格就绪 (5个挂单)，等待成交...
2026-08-06 16:29:59,069 [INFO] 🔄 重建网格...
2026-08-06 16:30:05,219 [INFO] ✅ 撤销 5 个旧单
2026-08-06 16:30:05,925 [INFO] 📊 SOL当前价: $73.81
2026-08-06 16:30:06,601 [INFO] 📦 SOL 可用: 0.8556
2026-08-06 16:30:07,813 [INFO]   ✅ 挂买单 @ $70.00
2026-08-06 16:30:08,499 [INFO]   ✅ 挂买单 @ $72.50
2026-08-06 16:30:09,171 [INFO]   ✅ 挂卖单 @ $75.00
2026-08-06 16:30:09,835 [INFO]   ✅ 挂卖单 @ $77.50
2026-08-06 16:30:10,526 [INFO]   ✅ 挂卖单 @ $80.00
2026-08-06 16:30:10,573 [WARNING]   ⏭️ 跳过卖单 @ $82.50: 可用SOL不足 (0.8556)
2026-08-06 16:30:10,573 [WARNING]   ⏭️ 跳过卖单 @ $85.00: 可用SOL不足 (0.8556)
2026-08-06 16:30:10,573 [INFO] 📈 网格完成: 2买单 + 3卖单
2026-08-06 16:30:10,573 [INFO] ⏳ 网格就绪 (5个挂单)，等待成交...
2026-08-06 16:30:35,130 [INFO] 🔄 重建网格...
2026-08-06 16:30:42,115 [INFO] ✅ 撤销 5 个旧单
2026-08-06 16:30:43,598 [INFO] 📊 SOL当前价: $73.85
2026-08-06 16:30:44,867 [INFO] 📦 SOL 可用: 0.8556
2026-08-06 16:30:45,533 [INFO]   ✅ 挂买单 @ $70.00
2026-08-06 16:30:46,230 [INFO]   ✅ 挂买单 @ $72.50
2026-08-06 16:30:47,113 [INFO]   ✅ 挂卖单 @ $75.00
2026-08-06 16:30:47,791 [INFO]   ✅ 挂卖单 @ $77.50
2026-08-06 16:30:48,456 [INFO]   ✅ 挂卖单 @ $80.00
2026-08-06 16:30:48,480 [WARNING]   ⏭️ 跳过卖单 @ $82.50: 可用SOL不足 (0.8556)
2026-08-06 16:30:48,480 [WARNING]   ⏭️ 跳过卖单 @ $85.00: 可用SOL不足 (0.8556)
2026-08-06 16:30:48,480 [INFO] 📈 网格完成: 2买单 + 3卖单
2026-08-06 16:30:48,480 [INFO] ⏳ 网格就绪 (5个挂单)，等待成交...
2026-08-06 16:31:14,589 [INFO] 🔄 重建网格...
2026-08-06 16:31:23,191 [INFO] ✅ 撤销 5 个旧单
2026-08-06 16:31:24,150 [INFO] 📊 SOL当前价: $73.83
2026-08-06 16:31:25,192 [INFO] 📦 SOL 可用: 0.8556
2026-08-06 16:31:25,902 [INFO]   ✅ 挂买单 @ $70.00
2026-08-06 16:31:26,561 [INFO]   ✅ 挂买单 @ $72.50
2026-08-06 16:31:27,477 [INFO]   ✅ 挂卖单 @ $75.00
2026-08-06 16:31:28,664 [INFO]   ✅ 挂卖单 @ $77.50
2026-08-06 16:31:29,913 [INFO]   ✅ 挂卖单 @ $80.00
2026-08-06 16:31:29,913 [WARNING]   ⏭️ 跳过卖单 @ $82.50: 可用SOL不足 (0.8556)
2026-08-06 16:31:29,913 [WARNING]   ⏭️ 跳过卖单 @ $85.00: 可用SOL不足 (0.8556)
2026-08-06 16:31:29,913 [INFO] 📈 网格完成: 2买单 + 3卖单
2026-08-06 16:31:29,913 [INFO] ⏳ 网格就绪 (5个挂单)，等待成交...
2026-08-06 16:31:54,348 [INFO] 🔄 重建网格...
2026-08-06 16:31:59,360 [INFO] ✅ 撤销 5 个旧单
2026-08-06 16:32:00,439 [INFO] 📊 SOL当前价: $73.82
2026-08-06 16:32:01,596 [INFO] 📦 SOL 可用: 0.8556
2026-08-06 16:32:02,507 [INFO]   ✅ 挂买单 @ $70.00
2026-08-06 16:32:03,334 [INFO]   ✅ 挂买单 @ $72.50
2026-08-06 16:32:04,307 [INFO]   ✅ 挂卖单 @ $75.00
2026-08-06 16:32:05,119 [INFO]   ✅ 挂卖单 @ $77.50
2026-08-06 16:32:06,170 [INFO]   ✅ 挂卖单 @ $80.00
2026-08-06 16:32:06,170 [WARNING]   ⏭️ 跳过卖单 @ $82.50: 可用SOL不足 (0.8556)
2026-08-06 16:32:06,170 [WARNING]   ⏭️ 跳过卖单 @ $85.00: 可用SOL不足 (0.8556)
2026-08-06 16:32:06,170 [INFO] 📈 网格完成: 2买单 + 3卖单
2026-08-06 16:32:06,170 [INFO] ⏳ 网格就绪 (5个挂单)，等待成交...
2026-08-06 16:32:31,979 [INFO] 🔄 重建网格...
2026-08-06 16:32:38,468 [INFO] ✅ 撤销 5 个旧单
2026-08-06 16:32:39,402 [INFO] 📊 SOL当前价: $73.80
2026-08-06 16:32:40,201 [INFO] 📦 SOL 可用: 0.8556
2026-08-06 16:32:40,976 [INFO]   ✅ 挂买单 @ $70.00
2026-08-06 16:32:41,660 [INFO]   ✅ 挂买单 @ $72.50
2026-08-06 16:32:42,534 [INFO]   ✅ 挂卖单 @ $75.00
2026-08-06 16:32:43,444 [INFO]   ✅ 挂卖单 @ $77.50
2026-08-06 16:32:44,218 [INFO]   ✅ 挂卖单 @ $80.00
2026-08-06 16:32:44,218 [WARNING]   ⏭️ 跳过卖单 @ $82.50: 可用SOL不足 (0.8556)
2026-08-06 16:32:44,218 [WARNING]   ⏭️ 跳过卖单 @ $85.00: 可用SOL不足 (0.8556)
2026-08-06 16:32:44,218 [INFO] 📈 网格完成: 2买单 + 3卖单
2026-08-06 16:32:44,218 [INFO] ⏳ 网格就绪 (5个挂单)，等待成交...
2026-08-06 16:33:09,972 [INFO] 🔄 重建网格...
2026-08-06 16:33:17,418 [INFO] ✅ 撤销 5 个旧单
2026-08-06 16:33:18,554 [INFO] 📊 SOL当前价: $73.81
2026-08-06 16:33:19,780 [INFO] 📦 SOL 可用: 0.8556
2026-08-06 16:33:20,571 [INFO]   ✅ 挂买单 @ $70.00
2026-08-06 16:33:21,892 [INFO]   ✅ 挂买单 @ $72.50
2026-08-06 16:33:23,236 [INFO]   ✅ 挂卖单 @ $75.00
2026-08-06 16:33:24,532 [INFO]   ✅ 挂卖单 @ $77.50
2026-08-06 16:33:25,512 [INFO]   ✅ 挂卖单 @ $80.00
2026-08-06 16:33:25,513 [WARNING]   ⏭️ 跳过卖单 @ $82.50: 可用SOL不足 (0.8556)
2026-08-06 16:33:25,513 [WARNING]   ⏭️ 跳过卖单 @ $85.00: 可用SOL不足 (0.8556)
2026-08-06 16:33:25,513 [INFO] 📈 网格完成: 2买单 + 3卖单
2026-08-06 16:33:25,513 [INFO] ⏳ 网格就绪 (5个挂单)，等待成交...
2026-08-06 16:33:36,709 [INFO] ==================================================
2026-08-06 16:33:36,709 [INFO] 🚀 SOL网格交易机器人启动
2026-08-06 16:33:36,709 [INFO] 📊 网格范围: $70.0 - $85.0 (7层)
2026-08-06 16:33:36,709 [INFO] 💵 每层: 15.0 USDT = 0.2143 SOL
2026-08-06 16:33:36,709 [INFO] ==================================================
2026-08-06 16:33:46,734 [WARNING] ⚠️ 尝试 1/3 失败: <urlopen error _ssl.c:1112: The handshake operation timed out>
2026-08-06 16:33:57,805 [WARNING] ⚠️ 尝试 2/3 失败: <urlopen error _ssl.c:1112: The handshake operation timed out>
2026-08-06 16:34:08,939 [WARNING] ⚠️ 尝试 3/3 失败: <urlopen error _ssl.c:1112: The handshake operation timed out>
2026-08-06 16:34:08,942 [ERROR] ❌ 达到最大重试次数 (3) - 操作失败
2026-08-06 16:34:08,943 [ERROR] ⚠️ 异常: RuntimeError: No active exception to reraise
2026-08-06 16:34:42,048 [WARNING] ⚠️ 尝试 1/3 失败: <urlopen error EOF occurred in violation of protocol (_ssl.c:1129)>
2026-08-06 16:34:51,974 [INFO] 📊 SOL=$73.83 | 挂单: 5个 | 持仓: $75.00 USDT
2026-08-06 16:35:21,931 [INFO] 📊 SOL=$73.84 | 挂单: 5个 | 持仓: $75.00 USDT
2026-08-06 16:35:52,376 [INFO] 📊 SOL=$73.82 | 挂单: 5个 | 持仓: $75.00 USDT
2026-08-06 16:36:22,278 [INFO] 📊 SOL=$73.82 | 挂单: 5个 | 持仓: $75.00 USDT
2026-08-06 16:36:52,049 [INFO] 📊 SOL=$73.83 | 挂单: 5个 | 持仓: $75.00 USDT
2026-08-06 16:37:20,832 [INFO] 📊 SOL=$73.81 | 挂单: 5个 | 持仓: $75.00 USDT
2026-08-06 16:37:50,445 [INFO] 📊 SOL=$73.81 | 挂单: 5个 | 持仓: $75.00 USDT
2026-08-06 16:38:17,959 [INFO] 📊 SOL=$73.83 | 挂单: 5个 | 持仓: $75.00 USDT
2026-08-06 16:38:46,070 [INFO] 📊 SOL=$73.82 | 挂单: 5个 | 持仓: $75.00 USDT
2026-08-06 16:39:14,021 [INFO] 📊 SOL=$73.81 | 挂单: 5个 | 持仓: $75.00 USDT
2026-08-06 16:39:45,605 [INFO] 📊 SOL=$73.81 | 挂单: 5个 | 持仓: $75.00 USDT
2026-08-06 16:40:16,877 [INFO] 📊 SOL=$73.83 | 挂单: 5个 | 持仓: $75.00 USDT
2026-08-06 16:40:45,781 [INFO] 📊 SOL=$73.84 | 挂单: 5个 | 持仓: $75.00 USDT
2026-08-06 16:41:15,274 [INFO] 📊 SOL=$73.85 | 挂单: 5个 | 持仓: $75.00 USDT
2026-08-06 16:41:42,300 [INFO] 📊 SOL=$73.90 | 挂单: 5个 | 持仓: $75.00 USDT
2026-08-06 16:42:12,587 [INFO] 📊 SOL=$73.92 | 挂单: 5个 | 持仓: $75.00 USDT
2026-08-06 16:42:43,286 [INFO] 📊 SOL=$73.89 | 挂单: 5个 | 持仓: $75.00 USDT
2026-08-06 16:43:13,433 [INFO] 📊 SOL=$73.87 | 挂单: 5个 | 持仓: $75.00 USDT
2026-08-06 16:43:41,578 [INFO] 📊 SOL=$73.87 | 挂单: 5个 | 持仓: $75.00 USDT
2026-08-06 16:44:14,471 [INFO] 📊 SOL=$73.87 | 挂单: 5个 | 持仓: $75.00 USDT
2026-08-06 16:44:43,342 [INFO] 📊 SOL=$73.88 | 挂单: 5个 | 持仓: $75.00 USDT
2026-08-06 16:45:17,613 [INFO] 📊 SOL=$73.89 | 挂单: 5个 | 持仓: $75.00 USDT
2026-08-06 16:45:47,406 [INFO] 📊 SOL=$73.91 | 挂单: 5个 | 持仓: $75.00 USDT
2026-08-06 16:46:18,923 [INFO] 📊 SOL=$73.93 | 挂单: 5个 | 持仓: $75.00 USDT
2026-08-06 16:46:47,712 [INFO] 📊 SOL=$73.93 | 挂单: 5个 | 持仓: $75.00 USDT
2026-08-06 16:47:19,056 [INFO] 📊 SOL=$73.95 | 挂单: 5个 | 持仓: $75.00 USDT
2026-08-06 16:47:48,719 [INFO] 📊 SOL=$73.95 | 挂单: 5个 | 持仓: $75.00 USDT
2026-08-06 16:48:18,092 [INFO] 📊 SOL=$73.95 | 挂单: 5个 | 持仓: $75.00 USDT
2026-08-06 16:48:49,092 [INFO] 📊 SOL=$73.95 | 挂单: 5个 | 持仓: $75.00 USDT
2026-08-06 16:49:17,551 [INFO] 📊 SOL=$73.93 | 挂单: 5个 | 持仓: $75.00 USDT
2026-08-06 16:49:47,958 [INFO] 📊 SOL=$73.96 | 挂单: 5个 | 持仓: $75.00 USDT
2026-08-06 16:50:16,215 [INFO] 📊 SOL=$73.97 | 挂单: 5个 | 持仓: $75.00 USDT
2026-08-06 16:50:45,745 [INFO] 📊 SOL=$73.98 | 挂单: 5个 | 持仓: $75.00 USDT
2026-08-06 16:51:14,932 [INFO] 📊 SOL=$73.97 | 挂单: 5个 | 持仓: $75.00 USDT
2026-08-06 16:51:42,034 [INFO] 📊 SOL=$73.94 | 挂单: 5个 | 持仓: $75.00 USDT
2026-08-06 16:52:11,630 [INFO] 📊 SOL=$73.94 | 挂单: 5个 | 持仓: $75.00 USDT
2026-08-06 16:52:40,950 [INFO] 📊 SOL=$73.97 | 挂单: 5个 | 持仓: $75.00 USDT
2026-08-06 16:53:10,303 [INFO] 📊 SOL=$74.02 | 挂单: 5个 | 持仓: $75.00 USDT
2026-08-06 16:53:39,756 [INFO] 📊 SOL=$74.03 | 挂单: 5个 | 持仓: $75.00 USDT
2026-08-06 16:54:10,810 [INFO] 📊 SOL=$74.01 | 挂单: 5个 | 持仓: $75.00 USDT
2026-08-06 16:54:41,040 [INFO] 📊 SOL=$74.03 | 挂单: 5个 | 持仓: $75.00 USDT
2026-08-06 16:55:10,708 [INFO] 📊 SOL=$74.03 | 挂单: 5个 | 持仓: $75.00 USDT
2026-08-06 16:55:38,250 [INFO] 📊 SOL=$74.05 | 挂单: 5个 | 持仓: $75.00 USDT
2026-08-06 16:56:11,058 [INFO] 📊 SOL=$74.03 | 挂单: 5个 | 持仓: $75.00 USDT
2026-08-06 16:56:37,976 [INFO] 📊 SOL=$74.02 | 挂单: 5个 | 持仓: $75.00 USDT
2026-08-06 16:57:05,544 [INFO] 📊 SOL=$74.01 | 挂单: 5个 | 持仓: $75.00 USDT
2026-08-06 16:57:33,410 [INFO] 📊 SOL=$74.04 | 挂单: 5个 | 持仓: $75.00 USDT
